Archive member included to satisfy reference by file (symbol)

d:/environment/gcc-arm-none-eabi/bin/../lib/gcc/arm-none-eabi/9.2.1/thumb/v7-m/nofp\libgcc.a(_arm_muldf3.o)
                              CMakeFiles/13_demo_OLED_FLOAT.elf.dir/Drivers/DMP/DMP_test.c.obj (__aeabi_dmul)
d:/environment/gcc-arm-none-eabi/bin/../lib/gcc/arm-none-eabi/9.2.1/thumb/v7-m/nofp\libgcc.a(_arm_mulsf3.o)
                              CMakeFiles/13_demo_OLED_FLOAT.elf.dir/Core/Src/oled12864.c.obj (__aeabi_fmul)
d:/environment/gcc-arm-none-eabi/bin/../lib/gcc/arm-none-eabi/9.2.1/thumb/v7-m/nofp\libgcc.a(_arm_addsubdf3.o)
                              CMakeFiles/13_demo_OLED_FLOAT.elf.dir/Core/Src/main.c.obj (__aeabi_f2d)
d:/environment/gcc-arm-none-eabi/bin/../lib/gcc/arm-none-eabi/9.2.1/thumb/v7-m/nofp\libgcc.a(_arm_truncdfsf2.o)
                              CMakeFiles/13_demo_OLED_FLOAT.elf.dir/Drivers/DMP/DMP_test.c.obj (__aeabi_d2f)
d:/environment/gcc-arm-none-eabi/bin/../lib/gcc/arm-none-eabi/9.2.1/thumb/v7-m/nofp\libgcc.a(_arm_addsubsf3.o)
                              CMakeFiles/13_demo_OLED_FLOAT.elf.dir/Core/Src/oled12864.c.obj (__aeabi_fsub)
d:/environment/gcc-arm-none-eabi/bin/../lib/gcc/arm-none-eabi/9.2.1/thumb/v7-m/nofp\libgcc.a(_arm_muldivsf3.o)
                              CMakeFiles/13_demo_OLED_FLOAT.elf.dir/Core/Src/main.c.obj (__aeabi_fdiv)
d:/environment/gcc-arm-none-eabi/bin/../lib/gcc/arm-none-eabi/9.2.1/thumb/v7-m/nofp\libgcc.a(_arm_cmpsf2.o)
                              CMakeFiles/13_demo_OLED_FLOAT.elf.dir/Drivers/DMP/inv_mpu.c.obj (__aeabi_fcmpeq)
d:/environment/gcc-arm-none-eabi/bin/../lib/gcc/arm-none-eabi/9.2.1/thumb/v7-m/nofp\libgcc.a(_arm_fixsfsi.o)
                              CMakeFiles/13_demo_OLED_FLOAT.elf.dir/Core/Src/oled12864.c.obj (__aeabi_f2iz)
d:/environment/gcc-arm-none-eabi/bin/../lib/gcc/arm-none-eabi/9.2.1/thumb/v7-m/nofp\libgcc.a(_arm_fixunssfsi.o)
                              CMakeFiles/13_demo_OLED_FLOAT.elf.dir/Drivers/DMP/inv_mpu_dmp_motion_driver.c.obj (__aeabi_f2uiz)
d:/environment/gcc-arm-none-eabi/bin/../lib/gcc/arm-none-eabi/9.2.1/thumb/v7-m/nofp\libgcc.a(_aeabi_ldivmod.o)
                              CMakeFiles/13_demo_OLED_FLOAT.elf.dir/Drivers/DMP/inv_mpu.c.obj (__aeabi_ldivmod)
d:/environment/gcc-arm-none-eabi/bin/../lib/gcc/arm-none-eabi/9.2.1/thumb/v7-m/nofp\libgcc.a(_udivmoddi4.o)
                              d:/environment/gcc-arm-none-eabi/bin/../lib/gcc/arm-none-eabi/9.2.1/thumb/v7-m/nofp\libgcc.a(_aeabi_ldivmod.o) (__udivmoddi4)
d:/environment/gcc-arm-none-eabi/bin/../lib/gcc/arm-none-eabi/9.2.1/thumb/v7-m/nofp\libgcc.a(_dvmd_tls.o)
                              d:/environment/gcc-arm-none-eabi/bin/../lib/gcc/arm-none-eabi/9.2.1/thumb/v7-m/nofp\libgcc.a(_aeabi_ldivmod.o) (__aeabi_ldiv0)
d:/environment/gcc-arm-none-eabi/bin/../lib/gcc/arm-none-eabi/9.2.1/../../../../arm-none-eabi/lib/thumb/v7-m/nofp\libg.a(lib_a-errno.o)
                              CMakeFiles/13_demo_OLED_FLOAT.elf.dir/Core/Src/syscalls.c.obj (__errno)
d:/environment/gcc-arm-none-eabi/bin/../lib/gcc/arm-none-eabi/9.2.1/../../../../arm-none-eabi/lib/thumb/v7-m/nofp\libg.a(lib_a-exit.o)
                              d:/environment/gcc-arm-none-eabi/bin/../lib/gcc/arm-none-eabi/9.2.1/../../../../arm-none-eabi/lib/thumb/v7-m/nofp/crt0.o (exit)
d:/environment/gcc-arm-none-eabi/bin/../lib/gcc/arm-none-eabi/9.2.1/../../../../arm-none-eabi/lib/thumb/v7-m/nofp\libg.a(lib_a-impure.o)
                              d:/environment/gcc-arm-none-eabi/bin/../lib/gcc/arm-none-eabi/9.2.1/../../../../arm-none-eabi/lib/thumb/v7-m/nofp\libg.a(lib_a-exit.o) (_global_impure_ptr)
d:/environment/gcc-arm-none-eabi/bin/../lib/gcc/arm-none-eabi/9.2.1/../../../../arm-none-eabi/lib/thumb/v7-m/nofp\libg.a(lib_a-init.o)
                              d:/environment/gcc-arm-none-eabi/bin/../lib/gcc/arm-none-eabi/9.2.1/../../../../arm-none-eabi/lib/thumb/v7-m/nofp/crt0.o (__libc_init_array)
d:/environment/gcc-arm-none-eabi/bin/../lib/gcc/arm-none-eabi/9.2.1/../../../../arm-none-eabi/lib/thumb/v7-m/nofp\libg.a(lib_a-memcmp.o)
                              CMakeFiles/13_demo_OLED_FLOAT.elf.dir/Drivers/DMP/inv_mpu.c.obj (memcmp)
d:/environment/gcc-arm-none-eabi/bin/../lib/gcc/arm-none-eabi/9.2.1/../../../../arm-none-eabi/lib/thumb/v7-m/nofp\libg.a(lib_a-memset.o)
                              d:/environment/gcc-arm-none-eabi/bin/../lib/gcc/arm-none-eabi/9.2.1/../../../../arm-none-eabi/lib/thumb/v7-m/nofp/crt0.o (memset)
d:/environment/gcc-arm-none-eabi/bin/../lib/gcc/arm-none-eabi/9.2.1/../../../../arm-none-eabi/lib/thumb/v7-m/nofp\libg.a(lib_a-printf.o)
                              CMakeFiles/13_demo_OLED_FLOAT.elf.dir/Core/Src/main.c.obj (printf)
d:/environment/gcc-arm-none-eabi/bin/../lib/gcc/arm-none-eabi/9.2.1/../../../../arm-none-eabi/lib/thumb/v7-m/nofp\libg.a(lib_a-puts.o)
                              CMakeFiles/13_demo_OLED_FLOAT.elf.dir/Core/Src/main.c.obj (puts)
[...]
Memory Configuration

Name             Origin             Length             Attributes
RAM              0x20000000         0x00005000         xrw
FLASH            0x08000000         0x00010000         xr
*default*        0x00000000         0xffffffff

Linker script and memory map

LOAD d:/environment/gcc-arm-none-eabi/bin/../lib/gcc/arm-none-eabi/9.2.1/thumb/v7-m/nofp/crti.o
LOAD d:/environment/gcc-arm-none-eabi/bin/../lib/gcc/arm-none-eabi/9.2.1/thumb/v7-m/nofp/crtbegin.o
LOAD d:/environment/gcc-arm-none-eabi/bin/../lib/gcc/arm-none-eabi/9.2.1/../../../../arm-none-eabi/lib/thumb/v7-m/nofp/crt0.o
LOAD CMakeFiles/13_demo_OLED_FLOAT.elf.dir/Core/Src/gpio.c.obj
LOAD CMakeFiles/13_demo_OLED_FLOAT.elf.dir/Core/Src/i2c.c.obj
LOAD CMakeFiles/13_demo_OLED_FLOAT.elf.dir/Core/Src/main.c.obj
LOAD CMakeFiles/13_demo_OLED_FLOAT.elf.dir/Core/Src/mpu6050.c.obj
LOAD CMakeFiles/13_demo_OLED_FLOAT.elf.dir/Core/Src/oled12864.c.obj
LOAD CMakeFiles/13_demo_OLED_FLOAT.elf.dir/Core/Src/stm32f1xx_hal_msp.c.obj
LOAD CMakeFiles/13_demo_OLED_FLOAT.elf.dir/Core/Src/stm32f1xx_it.c.obj
LOAD CMakeFiles/13_demo_OLED_FLOAT.elf.dir/Core/Src/syscalls.c.obj
LOAD CMakeFiles/13_demo_OLED_FLOAT.elf.dir/Core/Src/system_stm32f1xx.c.obj
LOAD CMakeFiles/13_demo_OLED_FLOAT.elf.dir/Core/Src/usart.c.obj
LOAD CMakeFiles/13_demo_OLED_FLOAT.elf.dir/Drivers/DMP/DMP_test.c.obj
LOAD CMakeFiles/13_demo_OLED_FLOAT.elf.dir/Drivers/DMP/inv_mpu.c.obj
LOAD CMakeFiles/13_demo_OLED_FLOAT.elf.dir/Drivers/DMP/inv_mpu_dmp_motion_driver.c.obj
LOAD CMakeFiles/13_demo_OLED_FLOAT.elf.dir/Drivers/STM32F1xx_HAL_Driver/Src/stm32f1xx_hal.c.obj
LOAD CMakeFiles/13_demo_OLED_FLOAT.elf.dir/Drivers/STM32F1xx_HAL_Driver/Src/stm32f1xx_hal_cortex.c.obj
LOAD CMakeFiles/13_demo_OLED_FLOAT.elf.dir/Drivers/STM32F1xx_HAL_Driver/Src/stm32f1xx_hal_dma.c.obj
LOAD CMakeFiles/13_demo_OLED_FLOAT.elf.dir/Drivers/STM32F1xx_HAL_Driver/Src/stm32f1xx_hal_exti.c.obj
LOAD CMakeFiles/13_demo_OLED_FLOAT.elf.dir/Drivers/STM32F1xx_HAL_Driver/Src/stm32f1xx_hal_flash.c.obj
LOAD CMakeFiles/13_demo_OLED_FLOAT.elf.dir/Drivers/STM32F1xx_HAL_Driver/Src/stm32f1xx_hal_flash_ex.c.obj
LOAD CMakeFiles/13_demo_OLED_FLOAT.elf.dir/Drivers/STM32F1xx_HAL_Driver/Src/stm32f1xx_hal_gpio.c.obj
LOAD CMakeFiles/13_demo_OLED_FLOAT.elf.dir/Drivers/STM32F1xx_HAL_Driver/Src/stm32f1xx_hal_gpio_ex.c.obj
LOAD CMakeFiles/13_demo_OLED_FLOAT.elf.dir/Drivers/STM32F1xx_HAL_Driver/Src/stm32f1xx_hal_i2c.c.obj
LOAD CMakeFiles/13_demo_OLED_FLOAT.elf.dir/Drivers/STM32F1xx_HAL_Driver/Src/stm32f1xx_hal_pwr.c.obj
LOAD CMakeFiles/13_demo_OLED_FLOAT.elf.dir/Drivers/STM32F1xx_HAL_Driver/Src/stm32f1xx_hal_rcc.c.obj
LOAD CMakeFiles/13_demo_OLED_FLOAT.elf.dir/Drivers/STM32F1xx_HAL_Driver/Src/stm32f1xx_hal_rcc_ex.c.obj
LOAD CMakeFiles/13_demo_OLED_FLOAT.elf.dir/Drivers/STM32F1xx_HAL_Driver/Src/stm32f1xx_hal_tim.c.obj
LOAD CMakeFiles/13_demo_OLED_FLOAT.elf.dir/Drivers/STM32F1xx_HAL_Driver/Src/stm32f1xx_hal_tim_ex.c.obj
LOAD CMakeFiles/13_demo_OLED_FLOAT.elf.dir/Drivers/STM32F1xx_HAL_Driver/Src/stm32f1xx_hal_uart.c.obj
LOAD CMakeFiles/13_demo_OLED_FLOAT.elf.dir/startup/startup_stm32f103xb.s.obj
START GROUP
LOAD d:/environment/gcc-arm-none-eabi/bin/../lib/gcc/arm-none-eabi/9.2.1/thumb/v7-m/nofp\libgcc.a
LOAD d:/environment/gcc-arm-none-eabi/bin/../lib/gcc/arm-none-eabi/9.2.1/../../../../arm-none-eabi/lib/thumb/v7-m/nofp\libg.a
LOAD d:/environment/gcc-arm-none-eabi/bin/../lib/gcc/arm-none-eabi/9.2.1/../../../../arm-none-eabi/lib/thumb/v7-m/nofp\libc.a
END GROUP
LOAD d:/environment/gcc-arm-none-eabi/bin/../lib/gcc/arm-none-eabi/9.2.1/thumb/v7-m/nofp/crtend.o
LOAD d:/environment/gcc-arm-none-eabi/bin/../lib/gcc/arm-none-eabi/9.2.1/thumb/v7-m/nofp/crtn.o
                0x20005000                _estack = (ORIGIN (RAM) + LENGTH (RAM))
                0x00000200                _Min_Heap_Size = 0x200
                0x00000400                _Min_Stack_Size = 0x400

.isr_vector     0x08000000      0x10c
                0x08000000                . = ALIGN (0x4)
 *(.isr_vector)
 .isr_vector    0x08000000      0x10c CMakeFiles/13_demo_OLED_FLOAT.elf.dir/startup/startup_stm32f103xb.s.obj
                0x08000000                g_pfnVectors
                0x0800010c                . = ALIGN (0x4)

.text           0x08000110     0xbdec
                0x08000110                . = ALIGN (0x4)
 *(.text)
 .text          0x08000110       0x40 d:/environment/gcc-arm-none-eabi/bin/../lib/gcc/arm-none-eabi/9.2.1/thumb/v7-m/nofp/crtbegin.o
 .text          0x08000150      0x378 d:/environment/gcc-arm-none-eabi/bin/../lib/gcc/arm-none-eabi/9.2.1/thumb/v7-m/nofp\libgcc.a(_arm_addsubdf3.o)
                0x08000150                __aeabi_drsub
                0x08000158                __aeabi_dsub
                0x08000158                __subdf3
                0x0800015c                __aeabi_dadd
                0x0800015c                __adddf3
                0x080003d4                __floatunsidf
                0x080003d4                __aeabi_ui2d
                0x080003f4                __floatsidf
                0x080003f4                __aeabi_i2d
                0x08000418                __aeabi_f2d
                0x08000418                __extendsfdf2
                0x0800045c                __floatundidf
                0x0800045c                __aeabi_ul2d
                0x0800046c                __floatdidf
                0x0800046c                __aeabi_l2d
 .text          0x080004c8       0xa0 d:/environment/gcc-arm-none-eabi/bin/../lib/gcc/arm-none-eabi/9.2.1/thumb/v7-m/nofp\libgcc.a(_arm_truncdfsf2.o)
                0x080004c8                __truncdfsf2
                0x080004c8                __aeabi_d2f
 .text          0x08000568      0x21c d:/environment/gcc-arm-none-eabi/bin/../lib/gcc/arm-none-eabi/9.2.1/thumb/v7-m/nofp\libgcc.a(_arm_addsubsf3.o)
                0x08000568                __aeabi_frsub
                0x08000570                __subsf3
                0x08000570                __aeabi_fsub
                0x08000574                __aeabi_fadd
                0x08000574                __addsf3
                0x080006d4                __aeabi_ui2f
                0x080006d4                __floatunsisf
                0x080006dc                __aeabi_i2f
                0x080006dc                __floatsisf
                0x080006f8                __aeabi_ul2f
                0x080006f8                __floatundisf
                0x08000708                __aeabi_l2f
                0x08000708                __floatdisf
 .text          0x08000784      0x2a0 d:/environment/gcc-arm-none-eabi/bin/../lib/gcc/arm-none-eabi/9.2.1/thumb/v7-m/nofp\libgcc.a(_arm_muldivsf3.o)
                0x08000784                __mulsf3
                0x08000784                __aeabi_fmul
                0x080008ec                __aeabi_fdiv
                0x080008ec                __divsf3
 .text          0x08000a24       0xec d:/environment/gcc-arm-none-eabi/bin/../lib/gcc/arm-none-eabi/9.2.1/thumb/v7-m/nofp\libgcc.a(_arm_cmpsf2.o)
                0x08000a24                __gesf2
                0x08000a24                __gtsf2
                0x08000a2c                __lesf2
                0x08000a2c                __ltsf2
                0x08000a34                __nesf2
                0x08000a34                __eqsf2
                0x08000a34                __cmpsf2
                0x08000a94                __aeabi_cfrcmple
                0x08000a9c                __aeabi_cfcmpeq
                0x08000a9c                __aeabi_cfcmple
                0x08000aac                __aeabi_fcmpeq
                0x08000ac0                __aeabi_fcmplt
                0x08000ad4                __aeabi_fcmple
                0x08000ae8                __aeabi_fcmpge
                0x08000afc                __aeabi_fcmpgt
 .text          0x08000b10       0x4c d:/environment/gcc-arm-none-eabi/bin/../lib/gcc/arm-none-eabi/9.2.1/thumb/v7-m/nofp\libgcc.a(_arm_fixsfsi.o)
                0x08000b10                __aeabi_f2iz
                0x08000b10                __fixsfsi
 .text          0x08000b5c       0x40 d:/environment/gcc-arm-none-eabi/bin/../lib/gcc/arm-none-eabi/9.2.1/thumb/v7-m/nofp\libgcc.a(_arm_fixunssfsi.o)
                0x08000b5c                __fixunssfsi
                0x08000b5c                __aeabi_f2uiz
 .text          0x08000b9c       0xa0 d:/environment/gcc-arm-none-eabi/bin/../lib/gcc/arm-none-eabi/9.2.1/thumb/v7-m/nofp\libgcc.a(_aeabi_ldivmod.o)
                0x08000b9c                __aeabi_ldivmod
 .text          0x08000c3c      0x2c4 d:/environment/gcc-arm-none-eabi/bin/../lib/gcc/arm-none-eabi/9.2.1/thumb/v7-m/nofp\libgcc.a(_udivmoddi4.o)
                0x08000c3c                __udivmoddi4
 .text          0x08000f00        0x4 d:/environment/gcc-arm-none-eabi/bin/../lib/gcc/arm-none-eabi/9.2.1/thumb/v7-m/nofp\libgcc.a(_dvmd_tls.o)
                0x08000f00                __aeabi_idiv0
                0x08000f00                __aeabi_ldiv0
 .text          0x08000f04       0xec d:/environment/gcc-arm-none-eabi/bin/../lib/gcc/arm-none-eabi/9.2.1/../../../../arm-none-eabi/lib/thumb/v7-m/nofp\libg.a(lib_a-memcpy.o)
                0x08000f04                memcpy
 .text          0x08000ff0      0x424 d:/environment/gcc-arm-none-eabi/bin/../lib/gcc/arm-none-eabi/9.2.1/thumb/v7-m/nofp\libgcc.a(_arm_muldivdf3.o)
                0x08000ff0                __aeabi_dmul
                0x08000ff0                __muldf3
                0x08001244                __divdf3
                0x08001244                __aeabi_ddiv
 .text          0x08001414      0x110 d:/environment/gcc-arm-none-eabi/bin/../lib/gcc/arm-none-eabi/9.2.1/thumb/v7-m/nofp\libgcc.a(_arm_cmpdf2.o)
                0x08001414                __gtdf2
                0x08001414                __gedf2
                0x0800141c                __ltdf2
                0x0800141c                __ledf2
                0x08001424                __nedf2
                0x08001424                __eqdf2
                0x08001424                __cmpdf2
                0x080014a0                __aeabi_cdrcmple
                0x080014b0                __aeabi_cdcmpeq
                0x080014b0                __aeabi_cdcmple
                0x080014c0                __aeabi_dcmpeq
                0x080014d4                __aeabi_dcmplt
                0x080014e8                __aeabi_dcmple
                0x080014fc                __aeabi_dcmpge
                0x08001510                __aeabi_dcmpgt
 .text          0x08001524       0x2c d:/environment/gcc-arm-none-eabi/bin/../lib/gcc/arm-none-eabi/9.2.1/thumb/v7-m/nofp\libgcc.a(_arm_unorddf2.o)
                0x08001524                __unorddf2
                0x08001524                __aeabi_dcmpun
 .text          0x08001550       0x50 d:/environment/gcc-arm-none-eabi/bin/../lib/gcc/arm-none-eabi/9.2.1/thumb/v7-m/nofp\libgcc.a(_arm_fixdfsi.o)
                0x08001550                __aeabi_d2iz
                0x08001550                __fixdfsi
 .text          0x080015a0       0x30 d:/environment/gcc-arm-none-eabi/bin/../lib/gcc/arm-none-eabi/9.2.1/thumb/v7-m/nofp\libgcc.a(_aeabi_uldivmod.o)
                0x080015a0                __aeabi_uldivmod
 *(.text*)
 .text.MX_GPIO_Init
                0x080015d0       0xd8 CMakeFiles/13_demo_OLED_FLOAT.elf.dir/Core/Src/gpio.c.obj
                0x080015d0                MX_GPIO_Init
 .text.MX_I2C1_Init
                0x080016a8       0x3c CMakeFiles/13_demo_OLED_FLOAT.elf.dir/Core/Src/i2c.c.obj
                0x080016a8                MX_I2C1_Init
 .text.HAL_I2C_MspInit
                0x080016e4       0x64 CMakeFiles/13_demo_OLED_FLOAT.elf.dir/Core/Src/i2c.c.obj
                0x080016e4                HAL_I2C_MspInit
 .text.Error_Handler
                0x08001748        0x4 CMakeFiles/13_demo_OLED_FLOAT.elf.dir/Core/Src/main.c.obj
                0x08001748                Error_Handler
 .text.SystemClock_Config
                0x0800174c       0x62 CMakeFiles/13_demo_OLED_FLOAT.elf.dir/Core/Src/main.c.obj
                0x0800174c                SystemClock_Config
 *fill*         0x080017ae        0x2 
 .text.main     0x080017b0      0x180 CMakeFiles/13_demo_OLED_FLOAT.elf.dir/Core/Src/main.c.obj
                0x080017b0                main
 .text.IIC_Read
                0x08001930       0x20 CMakeFiles/13_demo_OLED_FLOAT.elf.dir/Core/Src/mpu6050.c.obj
                0x08001930                IIC_Read
 .text.MPU6050_Get
                0x08001950       0xc0 CMakeFiles/13_demo_OLED_FLOAT.elf.dir/Core/Src/mpu6050.c.obj
                0x08001950                MPU6050_Get
 .text.IIC_Start
                0x08001a10       0x34 CMakeFiles/13_demo_OLED_FLOAT.elf.dir/Core/Src/oled12864.c.obj
                0x08001a10                IIC_Start
 .text.IIC_Stop
                0x08001a44       0x28 CMakeFiles/13_demo_OLED_FLOAT.elf.dir/Core/Src/oled12864.c.obj
                0x08001a44                IIC_Stop
 .text.IIC_WaitAck
                0x08001a6c       0x20 CMakeFiles/13_demo_OLED_FLOAT.elf.dir/Core/Src/oled12864.c.obj
                0x08001a6c                IIC_WaitAck
 .text.IIC_WriteByte
                0x08001a8c       0x58 CMakeFiles/13_demo_OLED_FLOAT.elf.dir/Core/Src/oled12864.c.obj
                0x08001a8c                IIC_WriteByte
 .text.IIC_WriteCommand
                0x08001ae4       0x2c CMakeFiles/13_demo_OLED_FLOAT.elf.dir/Core/Src/oled12864.c.obj
                0x08001ae4                IIC_WriteCommand
 .text.IIC_WriteData
                0x08001b10       0x2c CMakeFiles/13_demo_OLED_FLOAT.elf.dir/Core/Src/oled12864.c.obj
                0x08001b10                IIC_WriteData
 .text.OLED_WR_Byte
                0x08001b3c       0x14 CMakeFiles/13_demo_OLED_FLOAT.elf.dir/Core/Src/oled12864.c.obj
                0x08001b3c                OLED_WR_Byte
 .text.OLED_FillPicture
                0x08001b50       0x42 CMakeFiles/13_demo_OLED_FLOAT.elf.dir/Core/Src/oled12864.c.obj
                0x08001b50                OLED_FillPicture
 .text.OLED_SetPos
                0x08001b92       0x26 CMakeFiles/13_demo_OLED_FLOAT.elf.dir/Core/Src/oled12864.c.obj
                0x08001b92                OLED_SetPos
 .text.OLED_Clear
                0x08001bb8       0x40 CMakeFiles/13_demo_OLED_FLOAT.elf.dir/Core/Src/oled12864.c.obj
                0x08001bb8                OLED_Clear
 .text.OLED_ShowChar
                0x08001bf8       0x94 CMakeFiles/13_demo_OLED_FLOAT.elf.dir/Core/Src/oled12864.c.obj
                0x08001bf8                OLED_ShowChar
 .text.oled_pow
                0x08001c8c       0x14 CMakeFiles/13_demo_OLED_FLOAT.elf.dir/Core/Src/oled12864.c.obj
                0x08001c8c                oled_pow
 .text.OLED_ShowString
                0x08001ca0       0x36 CMakeFiles/13_demo_OLED_FLOAT.elf.dir/Core/Src/oled12864.c.obj
                0x08001ca0                OLED_ShowString
 .text.OLED_Init
                0x08001cd6       0xe2 CMakeFiles/13_demo_OLED_FLOAT.elf.dir/Core/Src/oled12864.c.obj
                0x08001cd6                OLED_Init
 .text.OLED_Showdecimal
                0x08001db8      0x100 CMakeFiles/13_demo_OLED_FLOAT.elf.dir/Core/Src/oled12864.c.obj
                0x08001db8                OLED_Showdecimal
 .text.HAL_MspInit
                0x08001eb8       0x44 CMakeFiles/13_demo_OLED_FLOAT.elf.dir/Core/Src/stm32f1xx_hal_msp.c.obj
                0x08001eb8                HAL_MspInit
 .text.NMI_Handler
                0x08001efc        0x2 CMakeFiles/13_demo_OLED_FLOAT.elf.dir/Core/Src/stm32f1xx_it.c.obj
                0x08001efc                NMI_Handler
 .text.HardFault_Handler
                0x08001efe        0x2 CMakeFiles/13_demo_OLED_FLOAT.elf.dir/Core/Src/stm32f1xx_it.c.obj
                0x08001efe                HardFault_Handler
 .text.MemManage_Handler
                0x08001f00        0x2 CMakeFiles/13_demo_OLED_FLOAT.elf.dir/Core/Src/stm32f1xx_it.c.obj
                0x08001f00                MemManage_Handler
 .text.BusFault_Handler
                0x08001f02        0x2 CMakeFiles/13_demo_OLED_FLOAT.elf.dir/Core/Src/stm32f1xx_it.c.obj
                0x08001f02                BusFault_Handler
 .text.UsageFault_Handler
                0x08001f04        0x2 CMakeFiles/13_demo_OLED_FLOAT.elf.dir/Core/Src/stm32f1xx_it.c.obj
                0x08001f04                UsageFault_Handler
 .text.SVC_Handler
                0x08001f06        0x2 CMakeFiles/13_demo_OLED_FLOAT.elf.dir/Core/Src/stm32f1xx_it.c.obj
                0x08001f06                SVC_Handler
 .text.DebugMon_Handler
                0x08001f08        0x2 CMakeFiles/13_demo_OLED_FLOAT.elf.dir/Core/Src/stm32f1xx_it.c.obj
                0x08001f08                DebugMon_Handler
 .text.PendSV_Handler
                0x08001f0a        0x2 CMakeFiles/13_demo_OLED_FLOAT.elf.dir/Core/Src/stm32f1xx_it.c.obj
                0x08001f0a                PendSV_Handler
 .text.SysTick_Handler
                0x08001f0c        0x8 CMakeFiles/13_demo_OLED_FLOAT.elf.dir/Core/Src/stm32f1xx_it.c.obj
                0x08001f0c                SysTick_Handler
 .text._read    0x08001f14       0x20 CMakeFiles/13_demo_OLED_FLOAT.elf.dir/Core/Src/syscalls.c.obj
                0x08001f14                _read
 .text._write   0x08001f34       0x1c CMakeFiles/13_demo_OLED_FLOAT.elf.dir/Core/Src/syscalls.c.obj
                0x08001f34                _write
 .text._sbrk    0x08001f50       0x3c CMakeFiles/13_demo_OLED_FLOAT.elf.dir/Core/Src/syscalls.c.obj
                0x08001f50                _sbrk
 .text._close   0x08001f8c        0x6 CMakeFiles/13_demo_OLED_FLOAT.elf.dir/Core/Src/syscalls.c.obj
                0x08001f8c                _close
 .text._fstat   0x08001f92        0xa CMakeFiles/13_demo_OLED_FLOAT.elf.dir/Core/Src/syscalls.c.obj
                0x08001f92                _fstat
 .text._isatty  0x08001f9c        0x4 CMakeFiles/13_demo_OLED_FLOAT.elf.dir/Core/Src/syscalls.c.obj
                0x08001f9c                _isatty
 .text._lseek   0x08001fa0        0x4 CMakeFiles/13_demo_OLED_FLOAT.elf.dir/Core/Src/syscalls.c.obj
                0x08001fa0                _lseek
 .text.SystemInit
                0x08001fa4        0x2 CMakeFiles/13_demo_OLED_FLOAT.elf.dir/Core/Src/system_stm32f1xx.c.obj
                0x08001fa4                SystemInit
 *fill*         0x08001fa6        0x2 
 .text.MX_USART1_UART_Init
                0x08001fa8       0x34 CMakeFiles/13_demo_OLED_FLOAT.elf.dir/Core/Src/usart.c.obj
                0x08001fa8                MX_USART1_UART_Init
 .text.HAL_UART_MspInit
                0x08001fdc       0x78 CMakeFiles/13_demo_OLED_FLOAT.elf.dir/Core/Src/usart.c.obj
                0x08001fdc                HAL_UART_MspInit
 .text.__io_putchar
                0x08002054       0x20 CMakeFiles/13_demo_OLED_FLOAT.elf.dir/Core/Src/usart.c.obj
                0x08002054                __io_putchar
 .text.run_self_test
                0x08002074       0x88 CMakeFiles/13_demo_OLED_FLOAT.elf.dir/Drivers/DMP/DMP_test.c.obj
                0x08002074                run_self_test
 .text.inv_row_2_scale
                0x080020fc       0x3a CMakeFiles/13_demo_OLED_FLOAT.elf.dir/Drivers/DMP/DMP_test.c.obj
                0x080020fc                inv_row_2_scale
 .text.inv_orientation_matrix_to_scalar
                0x08002136       0x24 CMakeFiles/13_demo_OLED_FLOAT.elf.dir/Drivers/DMP/DMP_test.c.obj
                0x08002136                inv_orientation_matrix_to_scalar
 *fill*         0x0800215a        0x2 
 .text.mpu_dmp_init
                0x0800215c       0xa0 CMakeFiles/13_demo_OLED_FLOAT.elf.dir/Drivers/DMP/DMP_test.c.obj
                0x0800215c                mpu_dmp_init
 *fill*         0x080021fc        0x4 
 .text.mpu_dmp_get_data
                0x08002200      0x1c8 CMakeFiles/13_demo_OLED_FLOAT.elf.dir/Drivers/DMP/DMP_test.c.obj
                0x08002200                mpu_dmp_get_data
 .text.DMP_test
                0x080023c8      0x14c CMakeFiles/13_demo_OLED_FLOAT.elf.dir/Drivers/DMP/DMP_test.c.obj
                0x080023c8                DMP_test
 .text.get_accel_prod_shift
                0x08002514       0xcc CMakeFiles/13_demo_OLED_FLOAT.elf.dir/Drivers/DMP/inv_mpu.c.obj
 .text.accel_self_test
                0x080025e0       0xb4 CMakeFiles/13_demo_OLED_FLOAT.elf.dir/Drivers/DMP/inv_mpu.c.obj
 .text.gyro_self_test
                0x08002694      0x118 CMakeFiles/13_demo_OLED_FLOAT.elf.dir/Drivers/DMP/inv_mpu.c.obj
 .text.set_int_enable
                0x080027ac       0xb0 CMakeFiles/13_demo_OLED_FLOAT.elf.dir/Drivers/DMP/inv_mpu.c.obj
 .text.get_st_biases
                0x0800285c      0x4fc CMakeFiles/13_demo_OLED_FLOAT.elf.dir/Drivers/DMP/inv_mpu.c.obj
 .text.mpu_reset_fifo
                0x08002d58      0x274 CMakeFiles/13_demo_OLED_FLOAT.elf.dir/Drivers/DMP/inv_mpu.c.obj
                0x08002d58                mpu_reset_fifo
 .text.mpu_get_gyro_fsr
                0x08002fcc       0x3c CMakeFiles/13_demo_OLED_FLOAT.elf.dir/Drivers/DMP/inv_mpu.c.obj
                0x08002fcc                mpu_get_gyro_fsr
 .text.mpu_set_gyro_fsr
                0x08003008       0xa4 CMakeFiles/13_demo_OLED_FLOAT.elf.dir/Drivers/DMP/inv_mpu.c.obj
                0x08003008                mpu_set_gyro_fsr
 .text.mpu_get_accel_fsr
                0x080030ac       0x44 CMakeFiles/13_demo_OLED_FLOAT.elf.dir/Drivers/DMP/inv_mpu.c.obj
                0x080030ac                mpu_get_accel_fsr
 .text.mpu_set_accel_fsr
                0x080030f0       0xa0 CMakeFiles/13_demo_OLED_FLOAT.elf.dir/Drivers/DMP/inv_mpu.c.obj
                0x080030f0                mpu_set_accel_fsr
 .text.mpu_get_lpf
                0x08003190       0x44 CMakeFiles/13_demo_OLED_FLOAT.elf.dir/Drivers/DMP/inv_mpu.c.obj
                0x08003190                mpu_get_lpf
 .text.mpu_set_lpf
                0x080031d4       0xa0 CMakeFiles/13_demo_OLED_FLOAT.elf.dir/Drivers/DMP/inv_mpu.c.obj
                0x080031d4                mpu_set_lpf
 .text.mpu_get_sample_rate
                0x08003274       0x1c CMakeFiles/13_demo_OLED_FLOAT.elf.dir/Drivers/DMP/inv_mpu.c.obj
                0x08003274                mpu_get_sample_rate
 .text.mpu_get_gyro_sens
                0x08003290       0x4c CMakeFiles/13_demo_OLED_FLOAT.elf.dir/Drivers/DMP/inv_mpu.c.obj
                0x08003290                mpu_get_gyro_sens
 .text.mpu_get_accel_sens
                0x080032dc       0x4c CMakeFiles/13_demo_OLED_FLOAT.elf.dir/Drivers/DMP/inv_mpu.c.obj
                0x080032dc                mpu_get_accel_sens
 .text.mpu_get_fifo_config
                0x08003328       0x10 CMakeFiles/13_demo_OLED_FLOAT.elf.dir/Drivers/DMP/inv_mpu.c.obj
                0x08003328                mpu_get_fifo_config
 .text.mpu_configure_fifo
                0x08003338       0x64 CMakeFiles/13_demo_OLED_FLOAT.elf.dir/Drivers/DMP/inv_mpu.c.obj
                0x08003338                mpu_configure_fifo
 .text.mpu_read_fifo_stream
                0x0800339c       0xe0 CMakeFiles/13_demo_OLED_FLOAT.elf.dir/Drivers/DMP/inv_mpu.c.obj
                0x0800339c                mpu_read_fifo_stream
 .text.mpu_set_bypass
                0x0800347c      0x1ac CMakeFiles/13_demo_OLED_FLOAT.elf.dir/Drivers/DMP/inv_mpu.c.obj
                0x0800347c                mpu_set_bypass
 .text.mpu_set_int_latched
                0x08003628       0x84 CMakeFiles/13_demo_OLED_FLOAT.elf.dir/Drivers/DMP/inv_mpu.c.obj
                0x08003628                mpu_set_int_latched
 .text.mpu_lp_accel_mode
                0x080036ac       0xf4 CMakeFiles/13_demo_OLED_FLOAT.elf.dir/Drivers/DMP/inv_mpu.c.obj
                0x080036ac                mpu_lp_accel_mode
 .text.mpu_set_sample_rate
                0x080037a0       0xb0 CMakeFiles/13_demo_OLED_FLOAT.elf.dir/Drivers/DMP/inv_mpu.c.obj
                0x080037a0                mpu_set_sample_rate
 .text.mpu_set_sensors
                0x08003850       0xfc CMakeFiles/13_demo_OLED_FLOAT.elf.dir/Drivers/DMP/inv_mpu.c.obj
                0x08003850                mpu_set_sensors
 .text.mpu_init
                0x0800394c      0x1c8 CMakeFiles/13_demo_OLED_FLOAT.elf.dir/Drivers/DMP/inv_mpu.c.obj
                0x0800394c                mpu_init
 .text.mpu_write_mem
                0x08003b14       0x90 CMakeFiles/13_demo_OLED_FLOAT.elf.dir/Drivers/DMP/inv_mpu.c.obj
                0x08003b14                mpu_write_mem
 .text.mpu_read_mem
                0x08003ba4       0x90 CMakeFiles/13_demo_OLED_FLOAT.elf.dir/Drivers/DMP/inv_mpu.c.obj
                0x08003ba4                mpu_read_mem
 .text.mpu_load_firmware
                0x08003c34       0xc8 CMakeFiles/13_demo_OLED_FLOAT.elf.dir/Drivers/DMP/inv_mpu.c.obj
                0x08003c34                mpu_load_firmware
 .text.mpu_set_dmp_state
                0x08003cfc       0xac CMakeFiles/13_demo_OLED_FLOAT.elf.dir/Drivers/DMP/inv_mpu.c.obj
                0x08003cfc                mpu_set_dmp_state
 .text.mpu_run_self_test
                0x08003da8      0x104 CMakeFiles/13_demo_OLED_FLOAT.elf.dir/Drivers/DMP/inv_mpu.c.obj
                0x08003da8                mpu_run_self_test
 .text.decode_gesture
                0x08003eac       0x3c CMakeFiles/13_demo_OLED_FLOAT.elf.dir/Drivers/DMP/inv_mpu_dmp_motion_driver.c.obj
 .text.dmp_load_motion_driver_firmware
                0x08003ee8       0x18 CMakeFiles/13_demo_OLED_FLOAT.elf.dir/Drivers/DMP/inv_mpu_dmp_motion_driver.c.obj
                0x08003ee8                dmp_load_motion_driver_firmware
 .text.dmp_set_orientation
                0x08003f00      0x144 CMakeFiles/13_demo_OLED_FLOAT.elf.dir/Drivers/DMP/inv_mpu_dmp_motion_driver.c.obj
                0x08003f00                dmp_set_orientation
 .text.dmp_set_gyro_bias
                0x08004044      0x10c CMakeFiles/13_demo_OLED_FLOAT.elf.dir/Drivers/DMP/inv_mpu_dmp_motion_driver.c.obj
                0x08004044                dmp_set_gyro_bias
 .text.dmp_set_accel_bias
                0x08004150       0xec CMakeFiles/13_demo_OLED_FLOAT.elf.dir/Drivers/DMP/inv_mpu_dmp_motion_driver.c.obj
                0x08004150                dmp_set_accel_bias
 .text.dmp_set_fifo_rate
                0x0800423c       0x68 CMakeFiles/13_demo_OLED_FLOAT.elf.dir/Drivers/DMP/inv_mpu_dmp_motion_driver.c.obj
                0x0800423c                dmp_set_fifo_rate
 .text.dmp_set_tap_thresh
                0x080042a4      0x1a0 CMakeFiles/13_demo_OLED_FLOAT.elf.dir/Drivers/DMP/inv_mpu_dmp_motion_driver.c.obj
                0x080042a4                dmp_set_tap_thresh
 .text.dmp_set_tap_axes
                0x08004444       0x4e CMakeFiles/13_demo_OLED_FLOAT.elf.dir/Drivers/DMP/inv_mpu_dmp_motion_driver.c.obj
                0x08004444                dmp_set_tap_axes
 .text.dmp_set_tap_count
                0x08004492       0x2c CMakeFiles/13_demo_OLED_FLOAT.elf.dir/Drivers/DMP/inv_mpu_dmp_motion_driver.c.obj
                0x08004492                dmp_set_tap_count
 *fill*         0x080044be        0x2 
 .text.dmp_set_tap_time
                0x080044c0       0x30 CMakeFiles/13_demo_OLED_FLOAT.elf.dir/Drivers/DMP/inv_mpu_dmp_motion_driver.c.obj
                0x080044c0                dmp_set_tap_time
 .text.dmp_set_tap_time_multi
                0x080044f0       0x30 CMakeFiles/13_demo_OLED_FLOAT.elf.dir/Drivers/DMP/inv_mpu_dmp_motion_driver.c.obj
                0x080044f0                dmp_set_tap_time_multi
 .text.dmp_set_shake_reject_thresh
                0x08004520       0x44 CMakeFiles/13_demo_OLED_FLOAT.elf.dir/Drivers/DMP/inv_mpu_dmp_motion_driver.c.obj
                0x08004520                dmp_set_shake_reject_thresh
 .text.dmp_set_shake_reject_time
                0x08004564       0x2c CMakeFiles/13_demo_OLED_FLOAT.elf.dir/Drivers/DMP/inv_mpu_dmp_motion_driver.c.obj
                0x08004564                dmp_set_shake_reject_time
 .text.dmp_set_shake_reject_timeout
                0x08004590       0x2c CMakeFiles/13_demo_OLED_FLOAT.elf.dir/Drivers/DMP/inv_mpu_dmp_motion_driver.c.obj
                0x08004590                dmp_set_shake_reject_timeout
 .text.dmp_enable_gyro_cal
                0x080045bc       0x44 CMakeFiles/13_demo_OLED_FLOAT.elf.dir/Drivers/DMP/inv_mpu_dmp_motion_driver.c.obj
                0x080045bc                dmp_enable_gyro_cal
 .text.dmp_enable_lp_quat
                0x08004600       0x3c CMakeFiles/13_demo_OLED_FLOAT.elf.dir/Drivers/DMP/inv_mpu_dmp_motion_driver.c.obj
                0x08004600                dmp_enable_lp_quat
 .text.dmp_enable_6x_lp_quat
                0x0800463c       0x3c CMakeFiles/13_demo_OLED_FLOAT.elf.dir/Drivers/DMP/inv_mpu_dmp_motion_driver.c.obj
                0x0800463c                dmp_enable_6x_lp_quat
 .text.dmp_enable_feature
                0x08004678      0x218 CMakeFiles/13_demo_OLED_FLOAT.elf.dir/Drivers/DMP/inv_mpu_dmp_motion_driver.c.obj
                0x08004678                dmp_enable_feature
 .text.dmp_read_fifo
                0x08004890      0x1dc CMakeFiles/13_demo_OLED_FLOAT.elf.dir/Drivers/DMP/inv_mpu_dmp_motion_driver.c.obj
                0x08004890                dmp_read_fifo
 .text.HAL_InitTick
                0x08004a6c       0x4c CMakeFiles/13_demo_OLED_FLOAT.elf.dir/Drivers/STM32F1xx_HAL_Driver/Src/stm32f1xx_hal.c.obj
                0x08004a6c                HAL_InitTick
 .text.HAL_Init
                0x08004ab8       0x24 CMakeFiles/13_demo_OLED_FLOAT.elf.dir/Drivers/STM32F1xx_HAL_Driver/Src/stm32f1xx_hal.c.obj
                0x08004ab8                HAL_Init
 .text.HAL_IncTick
                0x08004adc       0x18 CMakeFiles/13_demo_OLED_FLOAT.elf.dir/Drivers/STM32F1xx_HAL_Driver/Src/stm32f1xx_hal.c.obj
                0x08004adc                HAL_IncTick
 .text.HAL_GetTick
                0x08004af4        0xc CMakeFiles/13_demo_OLED_FLOAT.elf.dir/Drivers/STM32F1xx_HAL_Driver/Src/stm32f1xx_hal.c.obj
                0x08004af4                HAL_GetTick
 .text.HAL_Delay
                0x08004b00       0x28 CMakeFiles/13_demo_OLED_FLOAT.elf.dir/Drivers/STM32F1xx_HAL_Driver/Src/stm32f1xx_hal.c.obj
                0x08004b00                HAL_Delay
 .text.HAL_NVIC_SetPriorityGrouping
                0x08004b28       0x24 CMakeFiles/13_demo_OLED_FLOAT.elf.dir/Drivers/STM32F1xx_HAL_Driver/Src/stm32f1xx_hal_cortex.c.obj
                0x08004b28                HAL_NVIC_SetPriorityGrouping
 .text.HAL_NVIC_SetPriority
                0x08004b4c       0x68 CMakeFiles/13_demo_OLED_FLOAT.elf.dir/Drivers/STM32F1xx_HAL_Driver/Src/stm32f1xx_hal_cortex.c.obj
                0x08004b4c                HAL_NVIC_SetPriority
 .text.HAL_SYSTICK_Config
                0x08004bb4       0x2c CMakeFiles/13_demo_OLED_FLOAT.elf.dir/Drivers/STM32F1xx_HAL_Driver/Src/stm32f1xx_hal_cortex.c.obj
                0x08004bb4                HAL_SYSTICK_Config
 .text.HAL_GPIO_Init
                0x08004be0      0x220 CMakeFiles/13_demo_OLED_FLOAT.elf.dir/Drivers/STM32F1xx_HAL_Driver/Src/stm32f1xx_hal_gpio.c.obj
                0x08004be0                HAL_GPIO_Init
 .text.HAL_GPIO_WritePin
                0x08004e00        0xc CMakeFiles/13_demo_OLED_FLOAT.elf.dir/Drivers/STM32F1xx_HAL_Driver/Src/stm32f1xx_hal_gpio.c.obj
                0x08004e00                HAL_GPIO_WritePin
 .text.I2C_IsAcknowledgeFailed
                0x08004e0c       0x32 CMakeFiles/13_demo_OLED_FLOAT.elf.dir/Drivers/STM32F1xx_HAL_Driver/Src/stm32f1xx_hal_i2c.c.obj
 .text.I2C_WaitOnFlagUntilTimeout
                0x08004e3e       0x74 CMakeFiles/13_demo_OLED_FLOAT.elf.dir/Drivers/STM32F1xx_HAL_Driver/Src/stm32f1xx_hal_i2c.c.obj
 .text.I2C_WaitOnMasterAddressFlagUntilTimeout
                0x08004eb2       0xaa CMakeFiles/13_demo_OLED_FLOAT.elf.dir/Drivers/STM32F1xx_HAL_Driver/Src/stm32f1xx_hal_i2c.c.obj
 .text.I2C_WaitOnTXEFlagUntilTimeout
                0x08004f5c       0x54 CMakeFiles/13_demo_OLED_FLOAT.elf.dir/Drivers/STM32F1xx_HAL_Driver/Src/stm32f1xx_hal_i2c.c.obj
 .text.I2C_RequestMemoryWrite
                0x08004fb0       0xd8 CMakeFiles/13_demo_OLED_FLOAT.elf.dir/Drivers/STM32F1xx_HAL_Driver/Src/stm32f1xx_hal_i2c.c.obj
 .text.I2C_RequestMemoryRead
                0x08005088      0x154 CMakeFiles/13_demo_OLED_FLOAT.elf.dir/Drivers/STM32F1xx_HAL_Driver/Src/stm32f1xx_hal_i2c.c.obj
 .text.I2C_WaitOnBTFFlagUntilTimeout
                0x080051dc       0x54 CMakeFiles/13_demo_OLED_FLOAT.elf.dir/Drivers/STM32F1xx_HAL_Driver/Src/stm32f1xx_hal_i2c.c.obj
 .text.I2C_WaitOnRXNEFlagUntilTimeout
                0x08005230       0x6a CMakeFiles/13_demo_OLED_FLOAT.elf.dir/Drivers/STM32F1xx_HAL_Driver/Src/stm32f1xx_hal_i2c.c.obj
 *fill*         0x0800529a        0x2 
 .text.HAL_I2C_Init
                0x0800529c      0x1bc CMakeFiles/13_demo_OLED_FLOAT.elf.dir/Drivers/STM32F1xx_HAL_Driver/Src/stm32f1xx_hal_i2c.c.obj
                0x0800529c                HAL_I2C_Init
 .text.HAL_I2C_Mem_Write
                0x08005458      0x164 CMakeFiles/13_demo_OLED_FLOAT.elf.dir/Drivers/STM32F1xx_HAL_Driver/Src/stm32f1xx_hal_i2c.c.obj
                0x08005458                HAL_I2C_Mem_Write
 .text.HAL_I2C_Mem_Read
                0x080055bc      0x344 CMakeFiles/13_demo_OLED_FLOAT.elf.dir/Drivers/STM32F1xx_HAL_Driver/Src/stm32f1xx_hal_i2c.c.obj
                0x080055bc                HAL_I2C_Mem_Read
 .text.RCC_Delay
                0x08005900       0x2c CMakeFiles/13_demo_OLED_FLOAT.elf.dir/Drivers/STM32F1xx_HAL_Driver/Src/stm32f1xx_hal_rcc.c.obj
 .text.HAL_RCC_OscConfig
                0x0800592c      0x410 CMakeFiles/13_demo_OLED_FLOAT.elf.dir/Drivers/STM32F1xx_HAL_Driver/Src/stm32f1xx_hal_rcc.c.obj
                0x0800592c                HAL_RCC_OscConfig
 .text.HAL_RCC_GetSysClockFreq
                0x08005d3c       0x6c CMakeFiles/13_demo_OLED_FLOAT.elf.dir/Drivers/STM32F1xx_HAL_Driver/Src/stm32f1xx_hal_rcc.c.obj
                0x08005d3c                HAL_RCC_GetSysClockFreq
 .text.HAL_RCC_ClockConfig
                0x08005da8      0x16c CMakeFiles/13_demo_OLED_FLOAT.elf.dir/Drivers/STM32F1xx_HAL_Driver/Src/stm32f1xx_hal_rcc.c.obj
                0x08005da8                HAL_RCC_ClockConfig
 .text.HAL_RCC_GetHCLKFreq
                0x08005f14        0xc CMakeFiles/13_demo_OLED_FLOAT.elf.dir/Drivers/STM32F1xx_HAL_Driver/Src/stm32f1xx_hal_rcc.c.obj
                0x08005f14                HAL_RCC_GetHCLKFreq
 .text.HAL_RCC_GetPCLK1Freq
                0x08005f20       0x20 CMakeFiles/13_demo_OLED_FLOAT.elf.dir/Drivers/STM32F1xx_HAL_Driver/Src/stm32f1xx_hal_rcc.c.obj
                0x08005f20                HAL_RCC_GetPCLK1Freq
 .text.HAL_RCC_GetPCLK2Freq
                0x08005f40       0x20 CMakeFiles/13_demo_OLED_FLOAT.elf.dir/Drivers/STM32F1xx_HAL_Driver/Src/stm32f1xx_hal_rcc.c.obj
                0x08005f40                HAL_RCC_GetPCLK2Freq
 .text.UART_SetConfig
                0x08005f60       0x90 CMakeFiles/13_demo_OLED_FLOAT.elf.dir/Drivers/STM32F1xx_HAL_Driver/Src/stm32f1xx_hal_uart.c.obj
 .text.UART_WaitOnFlagUntilTimeout
                0x08005ff0       0x68 CMakeFiles/13_demo_OLED_FLOAT.elf.dir/Drivers/STM32F1xx_HAL_Driver/Src/stm32f1xx_hal_uart.c.obj
 .text.HAL_UART_Init
                0x08006058       0x5e CMakeFiles/13_demo_OLED_FLOAT.elf.dir/Drivers/STM32F1xx_HAL_Driver/Src/stm32f1xx_hal_uart.c.obj
                0x08006058                HAL_UART_Init
 .text.HAL_UART_Transmit
                0x080060b6       0xd8 CMakeFiles/13_demo_OLED_FLOAT.elf.dir/Drivers/STM32F1xx_HAL_Driver/Src/stm32f1xx_hal_uart.c.obj
                0x080060b6                HAL_UART_Transmit
 *fill*         0x0800618e        0x2 
 .text.Reset_Handler
                0x08006190       0x48 CMakeFiles/13_demo_OLED_FLOAT.elf.dir/startup/startup_stm32f103xb.s.obj
                0x08006190                Reset_Handler
 .text.Default_Handler
                0x080061d8        0x2 CMakeFiles/13_demo_OLED_FLOAT.elf.dir/startup/startup_stm32f103xb.s.obj
                0x080061d8                RTC_Alarm_IRQHandler
                0x080061d8                EXTI2_IRQHandler
                0x080061d8                TIM1_CC_IRQHandler
                0x080061d8                PVD_IRQHandler
                0x080061d8                EXTI3_IRQHandler
                0x080061d8                EXTI0_IRQHandler
                0x080061d8                I2C2_EV_IRQHandler
                0x080061d8                ADC1_2_IRQHandler
                0x080061d8                SPI1_IRQHandler
                0x080061d8                TAMPER_IRQHandler
                0x080061d8                DMA1_Channel4_IRQHandler
                0x080061d8                USART3_IRQHandler
                0x080061d8                RTC_IRQHandler
                0x080061d8                DMA1_Channel7_IRQHandler
                0x080061d8                CAN1_RX1_IRQHandler
                0x080061d8                TIM4_IRQHandler
                0x080061d8                I2C1_EV_IRQHandler
                0x080061d8                DMA1_Channel6_IRQHandler
                0x080061d8                TIM3_IRQHandler
                0x080061d8                RCC_IRQHandler
                0x080061d8                TIM1_TRG_COM_IRQHandler
                0x080061d8                DMA1_Channel1_IRQHandler
                0x080061d8                Default_Handler
                0x080061d8                EXTI15_10_IRQHandler
                0x080061d8                EXTI9_5_IRQHandler
                0x080061d8                SPI2_IRQHandler
                0x080061d8                DMA1_Channel5_IRQHandler
                0x080061d8                EXTI4_IRQHandler
                0x080061d8                USB_LP_CAN1_RX0_IRQHandler
                0x080061d8                USB_HP_CAN1_TX_IRQHandler
                0x080061d8                DMA1_Channel3_IRQHandler
                0x080061d8                TIM1_UP_IRQHandler
                0x080061d8                WWDG_IRQHandler
                0x080061d8                TIM2_IRQHandler
                0x080061d8                TIM1_BRK_IRQHandler
                0x080061d8                EXTI1_IRQHandler
                0x080061d8                USART2_IRQHandler
                0x080061d8                I2C2_ER_IRQHandler
                0x080061d8                DMA1_Channel2_IRQHandler
                0x080061d8                CAN1_SCE_IRQHandler
                0x080061d8                FLASH_IRQHandler
                0x080061d8                USART1_IRQHandler
                0x080061d8                I2C1_ER_IRQHandler
                0x080061d8                USBWakeUp_IRQHandler
 *fill*         0x080061da        0x2 
 .text.__errno  0x080061dc        0xc d:/environment/gcc-arm-none-eabi/bin/../lib/gcc/arm-none-eabi/9.2.1/../../../../arm-none-eabi/lib/thumb/v7-m/nofp\libg.a(lib_a-errno.o)
                0x080061dc                __errno
 .text.__libc_init_array
                0x080061e8       0x48 d:/environment/gcc-arm-none-eabi/bin/../lib/gcc/arm-none-eabi/9.2.1/../../../../arm-none-eabi/lib/thumb/v7-m/nofp\libg.a(lib_a-init.o)
                0x080061e8                __libc_init_array
 .text.memcmp   0x08006230       0x5c d:/environment/gcc-arm-none-eabi/bin/../lib/gcc/arm-none-eabi/9.2.1/../../../../arm-none-eabi/lib/thumb/v7-m/nofp\libg.a(lib_a-memcmp.o)
                0x08006230                memcmp
 .text.memset   0x0800628c       0xa0 d:/environment/gcc-arm-none-eabi/bin/../lib/gcc/arm-none-eabi/9.2.1/../../../../arm-none-eabi/lib/thumb/v7-m/nofp\libg.a(lib_a-memset.o)
                0x0800628c                memset
 .text.printf   0x0800632c       0x28 d:/environment/gcc-arm-none-eabi/bin/../lib/gcc/arm-none-eabi/9.2.1/../../../../arm-none-eabi/lib/thumb/v7-m/nofp\libg.a(lib_a-printf.o)
                0x0800632c                printf
 .text._puts_r  0x08006354       0x9c d:/environment/gcc-arm-none-eabi/bin/../lib/gcc/arm-none-eabi/9.2.1/../../../../arm-none-eabi/lib/thumb/v7-m/nofp\libg.a(lib_a-puts.o)
                0x08006354                _puts_r
 .text.puts     0x080063f0       0x10 d:/environment/gcc-arm-none-eabi/bin/../lib/gcc/arm-none-eabi/9.2.1/../../../../arm-none-eabi/lib/thumb/v7-m/nofp\libg.a(lib_a-puts.o)
                0x080063f0                puts
 .text.strlen   0x08006400       0x5c d:/environment/gcc-arm-none-eabi/bin/../lib/gcc/arm-none-eabi/9.2.1/../../../../arm-none-eabi/lib/thumb/v7-m/nofp\libg.a(lib_a-strlen-stub.o)
                0x08006400                strlen
 .text._vfprintf_r
                0x0800645c     0x1c18 d:/environment/gcc-arm-none-eabi/bin/../lib/gcc/arm-none-eabi/9.2.1/../../../../arm-none-eabi/lib/thumb/v7-m/nofp\libg.a(lib_a-vfprintf.o)
                0x0800645c                _vfprintf_r
 .text.__sbprintf
                0x08008074       0x88 d:/environment/gcc-arm-none-eabi/bin/../lib/gcc/arm-none-eabi/9.2.1/../../../../arm-none-eabi/lib/thumb/v7-m/nofp\libg.a(lib_a-vfprintf.o)
 .text.__swsetup_r
                0x080080fc       0xd0 d:/environment/gcc-arm-none-eabi/bin/../lib/gcc/arm-none-eabi/9.2.1/../../../../arm-none-eabi/lib/thumb/v7-m/nofp\libg.a(lib_a-wsetup.o)
                0x080080fc                __swsetup_r
 .text.startup.register_fini
                0x080081cc       0x14 d:/environment/gcc-arm-none-eabi/bin/../lib/gcc/arm-none-eabi/9.2.1/../../../../arm-none-eabi/lib/thumb/v7-m/nofp\libg.a(lib_a-__call_atexit.o)
 .text.atexit   0x080081e0        0xc d:/environment/gcc-arm-none-eabi/bin/../lib/gcc/arm-none-eabi/9.2.1/../../../../arm-none-eabi/lib/thumb/v7-m/nofp\libg.a(lib_a-atexit.o)
                0x080081e0                atexit
 .text.quorem   0x080081ec      0x120 d:/environment/gcc-arm-none-eabi/bin/../lib/gcc/arm-none-eabi/9.2.1/../../../../arm-none-eabi/lib/thumb/v7-m/nofp\libg.a(lib_a-dtoa.o)
 *fill*         0x0800830c        0x4 
 .text._dtoa_r  0x08008310      0xe8c d:/environment/gcc-arm-none-eabi/bin/../lib/gcc/arm-none-eabi/9.2.1/../../../../arm-none-eabi/lib/thumb/v7-m/nofp\libg.a(lib_a-dtoa.o)
                0x08008310                _dtoa_r
 .text.__sflush_r
                0x0800919c      0x130 d:/environment/gcc-arm-none-eabi/bin/../lib/gcc/arm-none-eabi/9.2.1/../../../../arm-none-eabi/lib/thumb/v7-m/nofp\libg.a(lib_a-fflush.o)
                0x0800919c                __sflush_r
 .text._fflush_r
                0x080092cc       0x5c d:/environment/gcc-arm-none-eabi/bin/../lib/gcc/arm-none-eabi/9.2.1/../../../../arm-none-eabi/lib/thumb/v7-m/nofp\libg.a(lib_a-fflush.o)
                0x080092cc                _fflush_r
 .text.std      0x08009328       0x50 d:/environment/gcc-arm-none-eabi/bin/../lib/gcc/arm-none-eabi/9.2.1/../../../../arm-none-eabi/lib/thumb/v7-m/nofp\libg.a(lib_a-findfp.o)
 .text._cleanup_r
                0x08009378        0xc d:/environment/gcc-arm-none-eabi/bin/../lib/gcc/arm-none-eabi/9.2.1/../../../../arm-none-eabi/lib/thumb/v7-m/nofp\libg.a(lib_a-findfp.o)
                0x08009378                _cleanup_r
 .text.__sinit  0x08009384       0x5c d:/environment/gcc-arm-none-eabi/bin/../lib/gcc/arm-none-eabi/9.2.1/../../../../arm-none-eabi/lib/thumb/v7-m/nofp\libg.a(lib_a-findfp.o)
                0x08009384                __sinit
 .text.__sfp_lock_acquire
                0x080093e0        0xc d:/environment/gcc-arm-none-eabi/bin/../lib/gcc/arm-none-eabi/9.2.1/../../../../arm-none-eabi/lib/thumb/v7-m/nofp\libg.a(lib_a-findfp.o)
                0x080093e0                __sfp_lock_acquire
 .text.__sfp_lock_release
                0x080093ec        0xc d:/environment/gcc-arm-none-eabi/bin/../lib/gcc/arm-none-eabi/9.2.1/../../../../arm-none-eabi/lib/thumb/v7-m/nofp\libg.a(lib_a-findfp.o)
                0x080093ec                __sfp_lock_release
 .text.__libc_fini_array
                0x080093f8       0x2c d:/environment/gcc-arm-none-eabi/bin/../lib/gcc/arm-none-eabi/9.2.1/../../../../arm-none-eabi/lib/thumb/v7-m/nofp\libg.a(lib_a-fini.o)
                0x080093f8                __libc_fini_array
 .text._malloc_trim_r
                0x08009424       0xa0 d:/environment/gcc-arm-none-eabi/bin/../lib/gcc/arm-none-eabi/9.2.1/../../../../arm-none-eabi/lib/thumb/v7-m/nofp\libg.a(lib_a-freer.o)
                0x08009424                _malloc_trim_r
 .text._free_r  0x080094c4      0x20c d:/environment/gcc-arm-none-eabi/bin/../lib/gcc/arm-none-eabi/9.2.1/../../../../arm-none-eabi/lib/thumb/v7-m/nofp\libg.a(lib_a-freer.o)
                0x080094c4                _free_r
 .text.__sfvwrite_r
                0x080096d0      0x2ec d:/environment/gcc-arm-none-eabi/bin/../lib/gcc/arm-none-eabi/9.2.1/../../../../arm-none-eabi/lib/thumb/v7-m/nofp\libg.a(lib_a-fvwrite.o)
                0x080096d0                __sfvwrite_r
 .text._fwalk_reent
                0x080099bc       0x48 d:/environment/gcc-arm-none-eabi/bin/../lib/gcc/arm-none-eabi/9.2.1/../../../../arm-none-eabi/lib/thumb/v7-m/nofp\libg.a(lib_a-fwalk.o)
                0x080099bc                _fwalk_reent
 .text._localeconv_r
                0x08009a04        0x8 d:/environment/gcc-arm-none-eabi/bin/../lib/gcc/arm-none-eabi/9.2.1/../../../../arm-none-eabi/lib/thumb/v7-m/nofp\libg.a(lib_a-localeconv.o)
                0x08009a04                _localeconv_r
 .text.__retarget_lock_init_recursive
                0x08009a0c        0x4 d:/environment/gcc-arm-none-eabi/bin/../lib/gcc/arm-none-eabi/9.2.1/../../../../arm-none-eabi/lib/thumb/v7-m/nofp\libg.a(lib_a-lock.o)
                0x08009a0c                __retarget_lock_init_recursive
 .text.__retarget_lock_close_recursive
                0x08009a10        0x4 d:/environment/gcc-arm-none-eabi/bin/../lib/gcc/arm-none-eabi/9.2.1/../../../../arm-none-eabi/lib/thumb/v7-m/nofp\libg.a(lib_a-lock.o)
                0x08009a10                __retarget_lock_close_recursive
 .text.__retarget_lock_acquire_recursive
                0x08009a14        0x4 d:/environment/gcc-arm-none-eabi/bin/../lib/gcc/arm-none-eabi/9.2.1/../../../../arm-none-eabi/lib/thumb/v7-m/nofp\libg.a(lib_a-lock.o)
                0x08009a14                __retarget_lock_acquire_recursive
 .text.__retarget_lock_release_recursive
                0x08009a18        0x4 d:/environment/gcc-arm-none-eabi/bin/../lib/gcc/arm-none-eabi/9.2.1/../../../../arm-none-eabi/lib/thumb/v7-m/nofp\libg.a(lib_a-lock.o)
                0x08009a18                __retarget_lock_release_recursive
 .text.__swhatbuf_r
                0x08009a1c       0x5c d:/environment/gcc-arm-none-eabi/bin/../lib/gcc/arm-none-eabi/9.2.1/../../../../arm-none-eabi/lib/thumb/v7-m/nofp\libg.a(lib_a-makebuf.o)
                0x08009a1c                __swhatbuf_r
 .text.__smakebuf_r
                0x08009a78       0x94 d:/environment/gcc-arm-none-eabi/bin/../lib/gcc/arm-none-eabi/9.2.1/../../../../arm-none-eabi/lib/thumb/v7-m/nofp\libg.a(lib_a-makebuf.o)
                0x08009a78                __smakebuf_r
 .text._malloc_r
                0x08009b0c      0x55c d:/environment/gcc-arm-none-eabi/bin/../lib/gcc/arm-none-eabi/9.2.1/../../../../arm-none-eabi/lib/thumb/v7-m/nofp\libg.a(lib_a-mallocr.o)
                0x08009b0c                _malloc_r
 .text.memchr   0x0800a068       0x80 d:/environment/gcc-arm-none-eabi/bin/../lib/gcc/arm-none-eabi/9.2.1/../../../../arm-none-eabi/lib/thumb/v7-m/nofp\libg.a(lib_a-memchr-stub.o)
                0x0800a068                memchr
 .text.memmove  0x0800a0e8       0xd4 d:/environment/gcc-arm-none-eabi/bin/../lib/gcc/arm-none-eabi/9.2.1/../../../../arm-none-eabi/lib/thumb/v7-m/nofp\libg.a(lib_a-memmove.o)
                0x0800a0e8                memmove
 .text.__malloc_lock
                0x0800a1bc        0xc d:/environment/gcc-arm-none-eabi/bin/../lib/gcc/arm-none-eabi/9.2.1/../../../../arm-none-eabi/lib/thumb/v7-m/nofp\libg.a(lib_a-mlock.o)
                0x0800a1bc                __malloc_lock
 .text.__malloc_unlock
                0x0800a1c8        0xc d:/environment/gcc-arm-none-eabi/bin/../lib/gcc/arm-none-eabi/9.2.1/../../../../arm-none-eabi/lib/thumb/v7-m/nofp\libg.a(lib_a-mlock.o)
                0x0800a1c8                __malloc_unlock
 .text._Balloc  0x0800a1d4       0x4c d:/environment/gcc-arm-none-eabi/bin/../lib/gcc/arm-none-eabi/9.2.1/../../../../arm-none-eabi/lib/thumb/v7-m/nofp\libg.a(lib_a-mprec.o)
                0x0800a1d4                _Balloc
 .text._Bfree   0x0800a220       0x14 d:/environment/gcc-arm-none-eabi/bin/../lib/gcc/arm-none-eabi/9.2.1/../../../../arm-none-eabi/lib/thumb/v7-m/nofp\libg.a(lib_a-mprec.o)
                0x0800a220                _Bfree
 .text.__multadd
                0x0800a234       0x7c d:/environment/gcc-arm-none-eabi/bin/../lib/gcc/arm-none-eabi/9.2.1/../../../../arm-none-eabi/lib/thumb/v7-m/nofp\libg.a(lib_a-mprec.o)
                0x0800a234                __multadd
 .text.__hi0bits
                0x0800a2b0       0x40 d:/environment/gcc-arm-none-eabi/bin/../lib/gcc/arm-none-eabi/9.2.1/../../../../arm-none-eabi/lib/thumb/v7-m/nofp\libg.a(lib_a-mprec.o)
                0x0800a2b0                __hi0bits
 .text.__lo0bits
                0x0800a2f0       0x60 d:/environment/gcc-arm-none-eabi/bin/../lib/gcc/arm-none-eabi/9.2.1/../../../../arm-none-eabi/lib/thumb/v7-m/nofp\libg.a(lib_a-mprec.o)
                0x0800a2f0                __lo0bits
 .text.__i2b    0x0800a350       0x14 d:/environment/gcc-arm-none-eabi/bin/../lib/gcc/arm-none-eabi/9.2.1/../../../../arm-none-eabi/lib/thumb/v7-m/nofp\libg.a(lib_a-mprec.o)
                0x0800a350                __i2b
 .text.__multiply
                0x0800a364      0x144 d:/environment/gcc-arm-none-eabi/bin/../lib/gcc/arm-none-eabi/9.2.1/../../../../arm-none-eabi/lib/thumb/v7-m/nofp\libg.a(lib_a-mprec.o)
                0x0800a364                __multiply
 .text.__pow5mult
                0x0800a4a8       0xa0 d:/environment/gcc-arm-none-eabi/bin/../lib/gcc/arm-none-eabi/9.2.1/../../../../arm-none-eabi/lib/thumb/v7-m/nofp\libg.a(lib_a-mprec.o)
                0x0800a4a8                __pow5mult
 .text.__lshift
                0x0800a548       0xd0 d:/environment/gcc-arm-none-eabi/bin/../lib/gcc/arm-none-eabi/9.2.1/../../../../arm-none-eabi/lib/thumb/v7-m/nofp\libg.a(lib_a-mprec.o)
                0x0800a548                __lshift
 .text.__mcmp   0x0800a618       0x3c d:/environment/gcc-arm-none-eabi/bin/../lib/gcc/arm-none-eabi/9.2.1/../../../../arm-none-eabi/lib/thumb/v7-m/nofp\libg.a(lib_a-mprec.o)
                0x0800a618                __mcmp
 .text.__mdiff  0x0800a654      0x138 d:/environment/gcc-arm-none-eabi/bin/../lib/gcc/arm-none-eabi/9.2.1/../../../../arm-none-eabi/lib/thumb/v7-m/nofp\libg.a(lib_a-mprec.o)
                0x0800a654                __mdiff
 .text.__d2b    0x0800a78c       0xa8 d:/environment/gcc-arm-none-eabi/bin/../lib/gcc/arm-none-eabi/9.2.1/../../../../arm-none-eabi/lib/thumb/v7-m/nofp\libg.a(lib_a-mprec.o)
                0x0800a78c                __d2b
 .text._realloc_r
                0x0800a834      0x3e0 d:/environment/gcc-arm-none-eabi/bin/../lib/gcc/arm-none-eabi/9.2.1/../../../../arm-none-eabi/lib/thumb/v7-m/nofp\libg.a(lib_a-reallocr.o)
                0x0800a834                _realloc_r
 .text.frexp    0x0800ac14       0x70 d:/environment/gcc-arm-none-eabi/bin/../lib/gcc/arm-none-eabi/9.2.1/../../../../arm-none-eabi/lib/thumb/v7-m/nofp\libg.a(lib_a-s_frexp.o)
                0x0800ac14                frexp
 .text._sbrk_r  0x0800ac84       0x24 d:/environment/gcc-arm-none-eabi/bin/../lib/gcc/arm-none-eabi/9.2.1/../../../../arm-none-eabi/lib/thumb/v7-m/nofp\libg.a(lib_a-sbrkr.o)
                0x0800ac84                _sbrk_r
 .text.__sread  0x0800aca8       0x24 d:/environment/gcc-arm-none-eabi/bin/../lib/gcc/arm-none-eabi/9.2.1/../../../../arm-none-eabi/lib/thumb/v7-m/nofp\libg.a(lib_a-stdio.o)
                0x0800aca8                __sread
 .text.__swrite
                0x0800accc       0x40 d:/environment/gcc-arm-none-eabi/bin/../lib/gcc/arm-none-eabi/9.2.1/../../../../arm-none-eabi/lib/thumb/v7-m/nofp\libg.a(lib_a-stdio.o)
                0x0800accc                __swrite
 .text.__sseek  0x0800ad0c       0x20 d:/environment/gcc-arm-none-eabi/bin/../lib/gcc/arm-none-eabi/9.2.1/../../../../arm-none-eabi/lib/thumb/v7-m/nofp\libg.a(lib_a-stdio.o)
                0x0800ad0c                __sseek
 .text.__sclose
                0x0800ad2c        0x8 d:/environment/gcc-arm-none-eabi/bin/../lib/gcc/arm-none-eabi/9.2.1/../../../../arm-none-eabi/lib/thumb/v7-m/nofp\libg.a(lib_a-stdio.o)
                0x0800ad2c                __sclose
 .text.strncpy  0x0800ad34       0x68 d:/environment/gcc-arm-none-eabi/bin/../lib/gcc/arm-none-eabi/9.2.1/../../../../arm-none-eabi/lib/thumb/v7-m/nofp\libg.a(lib_a-strncpy.o)
                0x0800ad34                strncpy
 .text.__sprint_r.part.0
                0x0800ad9c       0x78 d:/environment/gcc-arm-none-eabi/bin/../lib/gcc/arm-none-eabi/9.2.1/../../../../arm-none-eabi/lib/thumb/v7-m/nofp\libg.a(lib_a-vfiprintf.o)
 .text.__sprint_r
                0x0800ae14       0x14 d:/environment/gcc-arm-none-eabi/bin/../lib/gcc/arm-none-eabi/9.2.1/../../../../arm-none-eabi/lib/thumb/v7-m/nofp\libg.a(lib_a-vfiprintf.o)
                0x0800ae14                __sprint_r
 .text._write_r
                0x0800ae28       0x2c d:/environment/gcc-arm-none-eabi/bin/../lib/gcc/arm-none-eabi/9.2.1/../../../../arm-none-eabi/lib/thumb/v7-m/nofp\libg.a(lib_a-writer.o)
                0x0800ae28                _write_r
 .text.__register_exitproc
                0x0800ae54       0x8c d:/environment/gcc-arm-none-eabi/bin/../lib/gcc/arm-none-eabi/9.2.1/../../../../arm-none-eabi/lib/thumb/v7-m/nofp\libg.a(lib_a-__atexit.o)
                0x0800ae54                __register_exitproc
 .text._calloc_r
                0x0800aee0       0x60 d:/environment/gcc-arm-none-eabi/bin/../lib/gcc/arm-none-eabi/9.2.1/../../../../arm-none-eabi/lib/thumb/v7-m/nofp\libg.a(lib_a-callocr.o)
                0x0800aee0                _calloc_r
 .text._close_r
                0x0800af40       0x24 d:/environment/gcc-arm-none-eabi/bin/../lib/gcc/arm-none-eabi/9.2.1/../../../../arm-none-eabi/lib/thumb/v7-m/nofp\libg.a(lib_a-closer.o)
                0x0800af40                _close_r
 .text._fclose_r
                0x0800af64       0xcc d:/environment/gcc-arm-none-eabi/bin/../lib/gcc/arm-none-eabi/9.2.1/../../../../arm-none-eabi/lib/thumb/v7-m/nofp\libg.a(lib_a-fclose.o)
                0x0800af64                _fclose_r
 .text.__fputwc
                0x0800b030       0xa0 d:/environment/gcc-arm-none-eabi/bin/../lib/gcc/arm-none-eabi/9.2.1/../../../../arm-none-eabi/lib/thumb/v7-m/nofp\libg.a(lib_a-fputwc.o)
                0x0800b030                __fputwc
 .text._fputwc_r
                0x0800b0d0       0x68 d:/environment/gcc-arm-none-eabi/bin/../lib/gcc/arm-none-eabi/9.2.1/../../../../arm-none-eabi/lib/thumb/v7-m/nofp\libg.a(lib_a-fputwc.o)
                0x0800b0d0                _fputwc_r
 .text._fstat_r
                0x0800b138       0x2c d:/environment/gcc-arm-none-eabi/bin/../lib/gcc/arm-none-eabi/9.2.1/../../../../arm-none-eabi/lib/thumb/v7-m/nofp\libg.a(lib_a-fstatr.o)
                0x0800b138                _fstat_r
 .text._isatty_r
                0x0800b164       0x24 d:/environment/gcc-arm-none-eabi/bin/../lib/gcc/arm-none-eabi/9.2.1/../../../../arm-none-eabi/lib/thumb/v7-m/nofp\libg.a(lib_a-isattyr.o)
                0x0800b164                _isatty_r
 .text.__locale_mb_cur_max
                0x0800b188        0xc d:/environment/gcc-arm-none-eabi/bin/../lib/gcc/arm-none-eabi/9.2.1/../../../../arm-none-eabi/lib/thumb/v7-m/nofp\libg.a(lib_a-locale.o)
                0x0800b188                __locale_mb_cur_max
 .text._lseek_r
                0x0800b194       0x2c d:/environment/gcc-arm-none-eabi/bin/../lib/gcc/arm-none-eabi/9.2.1/../../../../arm-none-eabi/lib/thumb/v7-m/nofp\libg.a(lib_a-lseekr.o)
                0x0800b194                _lseek_r
 .text.__ascii_mbtowc
                0x0800b1c0       0x2c d:/environment/gcc-arm-none-eabi/bin/../lib/gcc/arm-none-eabi/9.2.1/../../../../arm-none-eabi/lib/thumb/v7-m/nofp\libg.a(lib_a-mbtowc_r.o)
                0x0800b1c0                __ascii_mbtowc
 .text._read_r  0x0800b1ec       0x2c d:/environment/gcc-arm-none-eabi/bin/../lib/gcc/arm-none-eabi/9.2.1/../../../../arm-none-eabi/lib/thumb/v7-m/nofp\libg.a(lib_a-readr.o)
                0x0800b1ec                _read_r
 .text.__swbuf_r
                0x0800b218       0xb0 d:/environment/gcc-arm-none-eabi/bin/../lib/gcc/arm-none-eabi/9.2.1/../../../../arm-none-eabi/lib/thumb/v7-m/nofp\libg.a(lib_a-wbuf.o)
                0x0800b218                __swbuf_r
 .text._wcrtomb_r
                0x0800b2c8       0x3c d:/environment/gcc-arm-none-eabi/bin/../lib/gcc/arm-none-eabi/9.2.1/../../../../arm-none-eabi/lib/thumb/v7-m/nofp\libg.a(lib_a-wcrtomb.o)
                0x0800b2c8                _wcrtomb_r
 .text.__ascii_wctomb
                0x0800b304       0x1c d:/environment/gcc-arm-none-eabi/bin/../lib/gcc/arm-none-eabi/9.2.1/../../../../arm-none-eabi/lib/thumb/v7-m/nofp\libg.a(lib_a-wctomb_r.o)
                0x0800b304                __ascii_wctomb
 .text.asin     0x0800b320       0xb0 d:/environment/gcc-arm-none-eabi/bin/../lib/gcc/arm-none-eabi/9.2.1/../../../../arm-none-eabi/lib/thumb/v7-m/nofp\libm.a(lib_a-w_asin.o)
                0x0800b320                asin
 .text.atan2    0x0800b3d0        0x4 d:/environment/gcc-arm-none-eabi/bin/../lib/gcc/arm-none-eabi/9.2.1/../../../../arm-none-eabi/lib/thumb/v7-m/nofp\libm.a(lib_a-w_atan2.o)
                0x0800b3d0                atan2
 *fill*         0x0800b3d4        0x4 
 .text.__ieee754_asin
                0x0800b3d8      0x47c d:/environment/gcc-arm-none-eabi/bin/../lib/gcc/arm-none-eabi/9.2.1/../../../../arm-none-eabi/lib/thumb/v7-m/nofp\libm.a(lib_a-e_asin.o)
                0x0800b3d8                __ieee754_asin
 *fill*         0x0800b854        0x4 
 .text.__ieee754_atan2
                0x0800b858      0x194 d:/environment/gcc-arm-none-eabi/bin/../lib/gcc/arm-none-eabi/9.2.1/../../../../arm-none-eabi/lib/thumb/v7-m/nofp\libm.a(lib_a-e_atan2.o)
                0x0800b858                __ieee754_atan2
 .text.__ieee754_sqrt
                0x0800b9ec      0x188 d:/environment/gcc-arm-none-eabi/bin/../lib/gcc/arm-none-eabi/9.2.1/../../../../arm-none-eabi/lib/thumb/v7-m/nofp\libm.a(lib_a-e_sqrt.o)
                0x0800b9ec                __ieee754_sqrt
 *fill*         0x0800bb74        0x4 
 .text.atan     0x0800bb78      0x354 d:/environment/gcc-arm-none-eabi/bin/../lib/gcc/arm-none-eabi/9.2.1/../../../../arm-none-eabi/lib/thumb/v7-m/nofp\libm.a(lib_a-s_atan.o)
                0x0800bb78                atan
 .text.fabs     0x0800becc        0x8 d:/environment/gcc-arm-none-eabi/bin/../lib/gcc/arm-none-eabi/9.2.1/../../../../arm-none-eabi/lib/thumb/v7-m/nofp\libm.a(lib_a-s_fabs.o)
                0x0800becc                fabs
 .text.matherr  0x0800bed4        0x4 d:/environment/gcc-arm-none-eabi/bin/../lib/gcc/arm-none-eabi/9.2.1/../../../../arm-none-eabi/lib/thumb/v7-m/nofp\libm.a(lib_a-s_matherr.o)
                0x0800bed4                matherr
 .text.nan      0x0800bed8        0xc d:/environment/gcc-arm-none-eabi/bin/../lib/gcc/arm-none-eabi/9.2.1/../../../../arm-none-eabi/lib/thumb/v7-m/nofp\libm.a(lib_a-s_nan.o)
                0x0800bed8                nan
 *(.glue_7)
 .glue_7        0x0800bee4        0x0 linker stubs
 *(.glue_7t)
 .glue_7t       0x0800bee4        0x0 linker stubs
 *(.eh_frame)
 .eh_frame      0x0800bee4        0x0 d:/environment/gcc-arm-none-eabi/bin/../lib/gcc/arm-none-eabi/9.2.1/thumb/v7-m/nofp/crtbegin.o
 *(.init)
 .init          0x0800bee4        0x4 d:/environment/gcc-arm-none-eabi/bin/../lib/gcc/arm-none-eabi/9.2.1/thumb/v7-m/nofp/crti.o
                0x0800bee4                _init
 .init          0x0800bee8        0x8 d:/environment/gcc-arm-none-eabi/bin/../lib/gcc/arm-none-eabi/9.2.1/thumb/v7-m/nofp/crtn.o
 *(.fini)
 .fini          0x0800bef0        0x4 d:/environment/gcc-arm-none-eabi/bin/../lib/gcc/arm-none-eabi/9.2.1/thumb/v7-m/nofp/crti.o
                0x0800bef0                _fini
 .fini          0x0800bef4        0x8 d:/environment/gcc-arm-none-eabi/bin/../lib/gcc/arm-none-eabi/9.2.1/thumb/v7-m/nofp/crtn.o
                0x0800befc                . = ALIGN (0x4)
                0x0800befc                _etext = .

.vfp11_veneer   0x0800befc        0x0
 .vfp11_veneer  0x0800befc        0x0 linker stubs

.v4_bx          0x0800befc        0x0
 .v4_bx         0x0800befc        0x0 linker stubs

.iplt           0x0800befc        0x0
 .iplt          0x0800befc        0x0 d:/environment/gcc-arm-none-eabi/bin/../lib/gcc/arm-none-eabi/9.2.1/thumb/v7-m/nofp/crtbegin.o

.rodata         0x0800bf00     0x10c8
                0x0800bf00                . = ALIGN (0x4)
 *(.rodata)
 *(.rodata*)
 .rodata.main.str1.4
                0x0800bf00       0xa8 CMakeFiles/13_demo_OLED_FLOAT.elf.dir/Core/Src/main.c.obj
 .rodata.AHBPrescTable
                0x0800bfa8       0x10 CMakeFiles/13_demo_OLED_FLOAT.elf.dir/Core/Src/system_stm32f1xx.c.obj
                0x0800bfa8                AHBPrescTable
 .rodata.APBPrescTable
                0x0800bfb8        0x8 CMakeFiles/13_demo_OLED_FLOAT.elf.dir/Core/Src/system_stm32f1xx.c.obj
                0x0800bfb8                APBPrescTable
 .rodata.DMP_test.str1.4
                0x0800bfc0       0x69 CMakeFiles/13_demo_OLED_FLOAT.elf.dir/Drivers/DMP/DMP_test.c.obj
 *fill*         0x0800c029        0x3 
 .rodata.hw     0x0800c02c        0xc CMakeFiles/13_demo_OLED_FLOAT.elf.dir/Drivers/DMP/inv_mpu.c.obj
                0x0800c02c                hw
 .rodata.reg    0x0800c038       0x1e CMakeFiles/13_demo_OLED_FLOAT.elf.dir/Drivers/DMP/inv_mpu.c.obj
                0x0800c038                reg
 *fill*         0x0800c056        0x2 
 .rodata.test   0x0800c058       0x28 CMakeFiles/13_demo_OLED_FLOAT.elf.dir/Drivers/DMP/inv_mpu.c.obj
                0x0800c058                test
 .rodata.dmp_set_orientation.str1.4
                0x0800c080       0x10 CMakeFiles/13_demo_OLED_FLOAT.elf.dir/Drivers/DMP/inv_mpu_dmp_motion_driver.c.obj
 .rodata.dmp_set_fifo_rate.str1.4
                0x0800c090        0xd CMakeFiles/13_demo_OLED_FLOAT.elf.dir/Drivers/DMP/inv_mpu_dmp_motion_driver.c.obj
 *fill*         0x0800c09d        0x3 
 .rodata.dmp_enable_gyro_cal.str1.4
                0x0800c0a0       0x16 CMakeFiles/13_demo_OLED_FLOAT.elf.dir/Drivers/DMP/inv_mpu_dmp_motion_driver.c.obj
 *fill*         0x0800c0b6        0x2 
 .rodata.dmp_memory
                0x0800c0b8      0xbf6 CMakeFiles/13_demo_OLED_FLOAT.elf.dir/Drivers/DMP/inv_mpu_dmp_motion_driver.c.obj
 *fill*         0x0800ccae        0x2 
 .rodata.HAL_RCC_GetSysClockFreq.str1.4
                0x0800ccb0       0x11 CMakeFiles/13_demo_OLED_FLOAT.elf.dir/Drivers/STM32F1xx_HAL_Driver/Src/stm32f1xx_hal_rcc.c.obj
 *fill*         0x0800ccc1        0x3 
 .rodata._global_impure_ptr
                0x0800ccc4        0x4 d:/environment/gcc-arm-none-eabi/bin/../lib/gcc/arm-none-eabi/9.2.1/../../../../arm-none-eabi/lib/thumb/v7-m/nofp\libg.a(lib_a-impure.o)
                0x0800ccc4                _global_impure_ptr
 .rodata._puts_r.str1.4
                0x0800ccc8        0x2 d:/environment/gcc-arm-none-eabi/bin/../lib/gcc/arm-none-eabi/9.2.1/../../../../arm-none-eabi/lib/thumb/v7-m/nofp\libg.a(lib_a-puts.o)
 *fill*         0x0800ccca        0x2 
 .rodata._vfprintf_r.str1.4
                0x0800cccc       0x42 d:/environment/gcc-arm-none-eabi/bin/../lib/gcc/arm-none-eabi/9.2.1/../../../../arm-none-eabi/lib/thumb/v7-m/nofp\libg.a(lib_a-vfprintf.o)
 *fill*         0x0800cd0e        0x2 
 .rodata.blanks.7360
                0x0800cd10       0x10 d:/environment/gcc-arm-none-eabi/bin/../lib/gcc/arm-none-eabi/9.2.1/../../../../arm-none-eabi/lib/thumb/v7-m/nofp\libg.a(lib_a-vfprintf.o)
 .rodata.zeroes.7361
                0x0800cd20       0x10 d:/environment/gcc-arm-none-eabi/bin/../lib/gcc/arm-none-eabi/9.2.1/../../../../arm-none-eabi/lib/thumb/v7-m/nofp\libg.a(lib_a-vfprintf.o)
 .rodata._dtoa_r.str1.4
                0x0800cd30        0xd d:/environment/gcc-arm-none-eabi/bin/../lib/gcc/arm-none-eabi/9.2.1/../../../../arm-none-eabi/lib/thumb/v7-m/nofp\libg.a(lib_a-dtoa.o)
                                 0x12 (size before relaxing)
 *fill*         0x0800cd3d        0x3 
 .rodata.__mprec_bigtens
                0x0800cd40       0x28 d:/environment/gcc-arm-none-eabi/bin/../lib/gcc/arm-none-eabi/9.2.1/../../../../arm-none-eabi/lib/thumb/v7-m/nofp\libg.a(lib_a-mprec.o)
                0x0800cd40                __mprec_bigtens
 .rodata.__mprec_tens
                0x0800cd68       0xc8 d:/environment/gcc-arm-none-eabi/bin/../lib/gcc/arm-none-eabi/9.2.1/../../../../arm-none-eabi/lib/thumb/v7-m/nofp\libg.a(lib_a-mprec.o)
                0x0800cd68                __mprec_tens
 .rodata.p05.6115
                0x0800ce30        0xc d:/environment/gcc-arm-none-eabi/bin/../lib/gcc/arm-none-eabi/9.2.1/../../../../arm-none-eabi/lib/thumb/v7-m/nofp\libg.a(lib_a-mprec.o)
 .rodata._setlocale_r.str1.4
                0x0800ce3c        0xa d:/environment/gcc-arm-none-eabi/bin/../lib/gcc/arm-none-eabi/9.2.1/../../../../arm-none-eabi/lib/thumb/v7-m/nofp\libg.a(lib_a-locale.o)
                                  0xd (size before relaxing)
 *fill*         0x0800ce46        0x2 
 .rodata.str1.4
                0x0800ce48        0x2 d:/environment/gcc-arm-none-eabi/bin/../lib/gcc/arm-none-eabi/9.2.1/../../../../arm-none-eabi/lib/thumb/v7-m/nofp\libg.a(lib_a-locale.o)
 *fill*         0x0800ce4a        0x2 
 .rodata._ctype_
                0x0800ce4c      0x101 d:/environment/gcc-arm-none-eabi/bin/../lib/gcc/arm-none-eabi/9.2.1/../../../../arm-none-eabi/lib/thumb/v7-m/nofp\libg.a(lib_a-ctype_.o)
                0x0800ce4c                _ctype_
 *fill*         0x0800cf4d        0x3 
 .rodata.asin.str1.4
                0x0800cf50        0x5 d:/environment/gcc-arm-none-eabi/bin/../lib/gcc/arm-none-eabi/9.2.1/../../../../arm-none-eabi/lib/thumb/v7-m/nofp\libm.a(lib_a-w_asin.o)
                                  0x9 (size before relaxing)
 *fill*         0x0800cf55        0x3 
 .rodata.CSWTCH.8
                0x0800cf58       0x18 d:/environment/gcc-arm-none-eabi/bin/../lib/gcc/arm-none-eabi/9.2.1/../../../../arm-none-eabi/lib/thumb/v7-m/nofp\libm.a(lib_a-e_atan2.o)
 .rodata.CSWTCH.9
                0x0800cf70       0x18 d:/environment/gcc-arm-none-eabi/bin/../lib/gcc/arm-none-eabi/9.2.1/../../../../arm-none-eabi/lib/thumb/v7-m/nofp\libm.a(lib_a-e_atan2.o)
 .rodata.atanhi
                0x0800cf88       0x20 d:/environment/gcc-arm-none-eabi/bin/../lib/gcc/arm-none-eabi/9.2.1/../../../../arm-none-eabi/lib/thumb/v7-m/nofp\libm.a(lib_a-s_atan.o)
 .rodata.atanlo
                0x0800cfa8       0x20 d:/environment/gcc-arm-none-eabi/bin/../lib/gcc/arm-none-eabi/9.2.1/../../../../arm-none-eabi/lib/thumb/v7-m/nofp\libm.a(lib_a-s_atan.o)
                0x0800cfc8                . = ALIGN (0x4)

.ARM.extab
 *(.ARM.extab* .gnu.linkonce.armextab.*)

.ARM            0x0800cfc8        0x8
                0x0800cfc8                __exidx_start = .
 *(.ARM.exidx*)
 .ARM.exidx     0x0800cfc8        0x8 d:/environment/gcc-arm-none-eabi/bin/../lib/gcc/arm-none-eabi/9.2.1/thumb/v7-m/nofp\libgcc.a(_udivmoddi4.o)
                0x0800cfd0                __exidx_end = .

.rel.dyn        0x0800cfd0        0x0
 .rel.iplt      0x0800cfd0        0x0 d:/environment/gcc-arm-none-eabi/bin/../lib/gcc/arm-none-eabi/9.2.1/thumb/v7-m/nofp/crtbegin.o

.preinit_array  0x0800cfd0        0x0
                0x0800cfd0                PROVIDE (__preinit_array_start = .)
 *(.preinit_array*)
                0x0800cfd0                PROVIDE (__preinit_array_end = .)

.init_array     0x0800cfd0        0x8
                0x0800cfd0                PROVIDE (__init_array_start = .)
 *(SORT_BY_NAME(.init_array.*))
 .init_array.00000
                0x0800cfd0        0x4 d:/environment/gcc-arm-none-eabi/bin/../lib/gcc/arm-none-eabi/9.2.1/../../../../arm-none-eabi/lib/thumb/v7-m/nofp\libg.a(lib_a-__call_atexit.o)
 *(.init_array*)
 .init_array    0x0800cfd4        0x4 d:/environment/gcc-arm-none-eabi/bin/../lib/gcc/arm-none-eabi/9.2.1/thumb/v7-m/nofp/crtbegin.o
                0x0800cfd8                PROVIDE (__init_array_end = .)

.fini_array     0x0800cfd8        0x4
                0x0800cfd8                PROVIDE (__fini_array_start = .)
 *(SORT_BY_NAME(.fini_array.*))
 *(.fini_array*)
 .fini_array    0x0800cfd8        0x4 d:/environment/gcc-arm-none-eabi/bin/../lib/gcc/arm-none-eabi/9.2.1/thumb/v7-m/nofp/crtbegin.o
                0x0800cfdc                PROVIDE (__fini_array_end = .)
                0x0800cfdc                _sidata = LOADADDR (.data)

.data           0x20000000     0x120c load address 0x0800cfdc
                0x20000000                . = ALIGN (0x4)
                0x20000000                _sdata = .
 *(.data)
 *(.data*)
 .data.F6x8     0x20000000      0x228 CMakeFiles/13_demo_OLED_FLOAT.elf.dir/Core/Src/oled12864.c.obj
                0x20000000                F6x8
 .data.F8X16    0x20000228      0x5f0 CMakeFiles/13_demo_OLED_FLOAT.elf.dir/Core/Src/oled12864.c.obj
                0x20000228                F8X16
 .data.SystemCoreClock
                0x20000818        0x4 CMakeFiles/13_demo_OLED_FLOAT.elf.dir/Core/Src/system_stm32f1xx.c.obj
                0x20000818                SystemCoreClock
 .data.gyro_orientation
                0x2000081c        0x9 CMakeFiles/13_demo_OLED_FLOAT.elf.dir/Drivers/DMP/DMP_test.c.obj
 *fill*         0x20000825        0x3 
 .data.st       0x20000828       0x2c CMakeFiles/13_demo_OLED_FLOAT.elf.dir/Drivers/DMP/inv_mpu.c.obj
 .data.uwTickFreq
                0x20000854        0x1 CMakeFiles/13_demo_OLED_FLOAT.elf.dir/Drivers/STM32F1xx_HAL_Driver/Src/stm32f1xx_hal.c.obj
                0x20000854                uwTickFreq
 *fill*         0x20000855        0x3 
 .data.uwTickPrio
                0x20000858        0x4 CMakeFiles/13_demo_OLED_FLOAT.elf.dir/Drivers/STM32F1xx_HAL_Driver/Src/stm32f1xx_hal.c.obj
                0x20000858                uwTickPrio
 .data._impure_ptr
                0x2000085c        0x4 d:/environment/gcc-arm-none-eabi/bin/../lib/gcc/arm-none-eabi/9.2.1/../../../../arm-none-eabi/lib/thumb/v7-m/nofp\libg.a(lib_a-impure.o)
                0x2000085c                _impure_ptr
 .data.impure_data
                0x20000860      0x428 d:/environment/gcc-arm-none-eabi/bin/../lib/gcc/arm-none-eabi/9.2.1/../../../../arm-none-eabi/lib/thumb/v7-m/nofp\libg.a(lib_a-impure.o)
 .data.__atexit_recursive_mutex
                0x20000c88        0x4 d:/environment/gcc-arm-none-eabi/bin/../lib/gcc/arm-none-eabi/9.2.1/../../../../arm-none-eabi/lib/thumb/v7-m/nofp\libg.a(lib_a-__call_atexit.o)
                0x20000c88                __atexit_recursive_mutex
 .data.__malloc_av_
                0x20000c8c      0x408 d:/environment/gcc-arm-none-eabi/bin/../lib/gcc/arm-none-eabi/9.2.1/../../../../arm-none-eabi/lib/thumb/v7-m/nofp\libg.a(lib_a-mallocr.o)
                0x20000c8c                __malloc_av_
 .data.__malloc_sbrk_base
                0x20001094        0x4 d:/environment/gcc-arm-none-eabi/bin/../lib/gcc/arm-none-eabi/9.2.1/../../../../arm-none-eabi/lib/thumb/v7-m/nofp\libg.a(lib_a-mallocr.o)
                0x20001094                __malloc_sbrk_base
 .data.__malloc_trim_threshold
                0x20001098        0x4 d:/environment/gcc-arm-none-eabi/bin/../lib/gcc/arm-none-eabi/9.2.1/../../../../arm-none-eabi/lib/thumb/v7-m/nofp\libg.a(lib_a-mallocr.o)
                0x20001098                __malloc_trim_threshold
 .data.__global_locale
                0x2000109c      0x16c d:/environment/gcc-arm-none-eabi/bin/../lib/gcc/arm-none-eabi/9.2.1/../../../../arm-none-eabi/lib/thumb/v7-m/nofp\libg.a(lib_a-locale.o)
                0x2000109c                __global_locale
 .data.__fdlib_version
                0x20001208        0x1 d:/environment/gcc-arm-none-eabi/bin/../lib/gcc/arm-none-eabi/9.2.1/../../../../arm-none-eabi/lib/thumb/v7-m/nofp\libm.a(lib_a-s_lib_ver.o)
                0x20001208                __fdlib_version
                0x2000120c                . = ALIGN (0x4)
 *fill*         0x20001209        0x3 
                0x2000120c                _edata = .

.igot.plt       0x2000120c        0x0 load address 0x0800e1e8
 .igot.plt      0x2000120c        0x0 d:/environment/gcc-arm-none-eabi/bin/../lib/gcc/arm-none-eabi/9.2.1/thumb/v7-m/nofp/crtbegin.o
                0x2000120c                . = ALIGN (0x4)

.bss            0x2000120c      0x150 load address 0x0800e1e8
                0x2000120c                _sbss = .
                0x2000120c                __bss_start__ = _sbss
 *(.bss)
 .bss           0x2000120c       0x1c d:/environment/gcc-arm-none-eabi/bin/../lib/gcc/arm-none-eabi/9.2.1/thumb/v7-m/nofp/crtbegin.o
 *(.bss*)
 .bss.hi2c1     0x20001228       0x54 CMakeFiles/13_demo_OLED_FLOAT.elf.dir/Core/Src/i2c.c.obj
                0x20001228                hi2c1
 .bss.IIC_buf   0x2000127c        0xe CMakeFiles/13_demo_OLED_FLOAT.elf.dir/Core/Src/mpu6050.c.obj
                0x2000127c                IIC_buf
 .bss.ax        0x2000128a        0x2 CMakeFiles/13_demo_OLED_FLOAT.elf.dir/Core/Src/mpu6050.c.obj
                0x2000128a                ax
 .bss.ax_cl     0x2000128c        0x2 CMakeFiles/13_demo_OLED_FLOAT.elf.dir/Core/Src/mpu6050.c.obj
                0x2000128c                ax_cl
 .bss.ay        0x2000128e        0x2 CMakeFiles/13_demo_OLED_FLOAT.elf.dir/Core/Src/mpu6050.c.obj
                0x2000128e                ay
 .bss.ay_cl     0x20001290        0x2 CMakeFiles/13_demo_OLED_FLOAT.elf.dir/Core/Src/mpu6050.c.obj
                0x20001290                ay_cl
 .bss.az        0x20001292        0x2 CMakeFiles/13_demo_OLED_FLOAT.elf.dir/Core/Src/mpu6050.c.obj
                0x20001292                az
 .bss.az_cl     0x20001294        0x2 CMakeFiles/13_demo_OLED_FLOAT.elf.dir/Core/Src/mpu6050.c.obj
                0x20001294                az_cl
 .bss.gx        0x20001296        0x2 CMakeFiles/13_demo_OLED_FLOAT.elf.dir/Core/Src/mpu6050.c.obj
                0x20001296                gx
 .bss.gx_cl     0x20001298        0x2 CMakeFiles/13_demo_OLED_FLOAT.elf.dir/Core/Src/mpu6050.c.obj
                0x20001298                gx_cl
 .bss.gy        0x2000129a        0x2 CMakeFiles/13_demo_OLED_FLOAT.elf.dir/Core/Src/mpu6050.c.obj
                0x2000129a                gy
 .bss.gy_cl     0x2000129c        0x2 CMakeFiles/13_demo_OLED_FLOAT.elf.dir/Core/Src/mpu6050.c.obj
                0x2000129c                gy_cl
 .bss.gz        0x2000129e        0x2 CMakeFiles/13_demo_OLED_FLOAT.elf.dir/Core/Src/mpu6050.c.obj
                0x2000129e                gz
 .bss.gz_cl     0x200012a0        0x2 CMakeFiles/13_demo_OLED_FLOAT.elf.dir/Core/Src/mpu6050.c.obj
                0x200012a0                gz_cl
 *fill*         0x200012a2        0x2 
 .bss.heap_end.6023
                0x200012a4        0x4 CMakeFiles/13_demo_OLED_FLOAT.elf.dir/Core/Src/syscalls.c.obj
 .bss.huart1    0x200012a8       0x44 CMakeFiles/13_demo_OLED_FLOAT.elf.dir/Core/Src/usart.c.obj
                0x200012a8                huart1
 .bss.dmp       0x200012ec       0x10 CMakeFiles/13_demo_OLED_FLOAT.elf.dir/Drivers/DMP/inv_mpu_dmp_motion_driver.c.obj
 .bss.uwTick    0x200012fc        0x4 CMakeFiles/13_demo_OLED_FLOAT.elf.dir/Drivers/STM32F1xx_HAL_Driver/Src/stm32f1xx_hal.c.obj
                0x200012fc                uwTick
 .bss.__malloc_current_mallinfo
                0x20001300       0x28 d:/environment/gcc-arm-none-eabi/bin/../lib/gcc/arm-none-eabi/9.2.1/../../../../arm-none-eabi/lib/thumb/v7-m/nofp\libg.a(lib_a-mallocr.o)
                0x20001300                __malloc_current_mallinfo
 .bss.__malloc_max_sbrked_mem
                0x20001328        0x4 d:/environment/gcc-arm-none-eabi/bin/../lib/gcc/arm-none-eabi/9.2.1/../../../../arm-none-eabi/lib/thumb/v7-m/nofp\libg.a(lib_a-mallocr.o)
                0x20001328                __malloc_max_sbrked_mem
 .bss.__malloc_max_total_mem
                0x2000132c        0x4 d:/environment/gcc-arm-none-eabi/bin/../lib/gcc/arm-none-eabi/9.2.1/../../../../arm-none-eabi/lib/thumb/v7-m/nofp\libg.a(lib_a-mallocr.o)
                0x2000132c                __malloc_max_total_mem
 .bss.__malloc_top_pad
                0x20001330        0x4 d:/environment/gcc-arm-none-eabi/bin/../lib/gcc/arm-none-eabi/9.2.1/../../../../arm-none-eabi/lib/thumb/v7-m/nofp\libg.a(lib_a-mallocr.o)
                0x20001330                __malloc_top_pad
 *(COMMON)
 COMMON         0x20001334       0x21 d:/environment/gcc-arm-none-eabi/bin/../lib/gcc/arm-none-eabi/9.2.1/../../../../arm-none-eabi/lib/thumb/v7-m/nofp\libg.a(lib_a-lock.o)
                0x20001334                __lock___atexit_recursive_mutex
                0x20001338                __lock___arc4random_mutex
                0x2000133c                __lock___env_recursive_mutex
                0x20001340                __lock___sinit_recursive_mutex
                0x20001344                __lock___malloc_recursive_mutex
                0x20001348                __lock___at_quick_exit_mutex
                0x2000134c                __lock___dd_hash_mutex
                0x20001350                __lock___tz_mutex
                0x20001354                __lock___sfp_recursive_mutex
 *fill*         0x20001355        0x3 
 COMMON         0x20001358        0x4 d:/environment/gcc-arm-none-eabi/bin/../lib/gcc/arm-none-eabi/9.2.1/../../../../arm-none-eabi/lib/thumb/v7-m/nofp\libg.a(lib_a-reent.o)
                0x20001358                errno
                0x2000135c                . = ALIGN (0x4)
                0x2000135c                _ebss = .
                0x2000135c                __bss_end__ = _ebss

._user_heap_stack
                0x2000135c      0x604 load address 0x0800e1e8
                0x20001360                . = ALIGN (0x8)
 *fill*         0x2000135c        0x4 
                0x20001360                PROVIDE (end = .)
                [!provide]                PROVIDE (_end = .)
                0x20001560                . = (. + _Min_Heap_Size)
 *fill*         0x20001360      0x200 
                0x20001960                . = (. + _Min_Stack_Size)
 *fill*         0x20001560      0x400 
                0x20001960                . = ALIGN (0x8)

/DISCARD/
 libc.a(*)
 libm.a(*)
 libgcc.a(*)

.ARM.attributes
                0x00000000       0x29
 *(.ARM.attributes)
 .ARM.attributes
                0x00000000       0x1d d:/environment/gcc-arm-none-eabi/bin/../lib/gcc/arm-none-eabi/9.2.1/thumb/v7-m/nofp/crti.o
 .ARM.attributes
                0x0000001d       0x2d d:/environment/gcc-arm-none-eabi/bin/../lib/gcc/arm-none-eabi/9.2.1/thumb/v7-m/nofp/crtbegin.o
 .ARM.attributes
                0x0000004a       0x2d CMakeFiles/13_demo_OLED_FLOAT.elf.dir/Core/Src/gpio.c.obj
 .ARM.attributes
                0x00000077       0x2d CMakeFiles/13_demo_OLED_FLOAT.elf.dir/Core/Src/i2c.c.obj
 .ARM.attributes
                0x000000a4       0x2d CMakeFiles/13_demo_OLED_FLOAT.elf.dir/Core/Src/main.c.obj
 .ARM.attributes
                0x000000d1       0x2d CMakeFiles/13_demo_OLED_FLOAT.elf.dir/Core/Src/mpu6050.c.obj
 .ARM.attributes
                0x000000fe       0x2d CMakeFiles/13_demo_OLED_FLOAT.elf.dir/Core/Src/oled12864.c.obj
 .ARM.attributes
                0x0000012b       0x2d CMakeFiles/13_demo_OLED_FLOAT.elf.dir/Core/Src/stm32f1xx_hal_msp.c.obj
 .ARM.attributes
                0x00000158       0x2d CMakeFiles/13_demo_OLED_FLOAT.elf.dir/Core/Src/stm32f1xx_it.c.obj
 .ARM.attributes
                0x00000185       0x2d CMakeFiles/13_demo_OLED_FLOAT.elf.dir/Core/Src/syscalls.c.obj
 .ARM.attributes
                0x000001b2       0x2d CMakeFiles/13_demo_OLED_FLOAT.elf.dir/Core/Src/system_stm32f1xx.c.obj
 .ARM.attributes
                0x000001df       0x2d CMakeFiles/13_demo_OLED_FLOAT.elf.dir/Core/Src/usart.c.obj
 .ARM.attributes
                0x0000020c       0x2d CMakeFiles/13_demo_OLED_FLOAT.elf.dir/Drivers/DMP/DMP_test.c.obj
 .ARM.attributes
                0x00000239       0x2d CMakeFiles/13_demo_OLED_FLOAT.elf.dir/Drivers/DMP/inv_mpu.c.obj
 .ARM.attributes
                0x00000266       0x2d CMakeFiles/13_demo_OLED_FLOAT.elf.dir/Drivers/DMP/inv_mpu_dmp_motion_driver.c.obj
 .ARM.attributes
                0x00000293       0x2d CMakeFiles/13_demo_OLED_FLOAT.elf.dir/Drivers/STM32F1xx_HAL_Driver/Src/stm32f1xx_hal.c.obj
 .ARM.attributes
                0x000002c0       0x2d CMakeFiles/13_demo_OLED_FLOAT.elf.dir/Drivers/STM32F1xx_HAL_Driver/Src/stm32f1xx_hal_cortex.c.obj
 .ARM.attributes
                0x000002ed       0x2d CMakeFiles/13_demo_OLED_FLOAT.elf.dir/Drivers/STM32F1xx_HAL_Driver/Src/stm32f1xx_hal_gpio.c.obj
 .ARM.attributes
                0x0000031a       0x2d CMakeFiles/13_demo_OLED_FLOAT.elf.dir/Drivers/STM32F1xx_HAL_Driver/Src/stm32f1xx_hal_i2c.c.obj
 .ARM.attributes
                0x00000347       0x2d CMakeFiles/13_demo_OLED_FLOAT.elf.dir/Drivers/STM32F1xx_HAL_Driver/Src/stm32f1xx_hal_rcc.c.obj
 .ARM.attributes
                0x00000374       0x2d CMakeFiles/13_demo_OLED_FLOAT.elf.dir/Drivers/STM32F1xx_HAL_Driver/Src/stm32f1xx_hal_uart.c.obj
 .ARM.attributes
                0x000003a1       0x21 CMakeFiles/13_demo_OLED_FLOAT.elf.dir/startup/startup_stm32f103xb.s.obj
 .ARM.attributes
                0x000003c2       0x1d d:/environment/gcc-arm-none-eabi/bin/../lib/gcc/arm-none-eabi/9.2.1/thumb/v7-m/nofp\libgcc.a(_arm_addsubdf3.o)
 .ARM.attributes
                0x000003df       0x1d d:/environment/gcc-arm-none-eabi/bin/../lib/gcc/arm-none-eabi/9.2.1/thumb/v7-m/nofp\libgcc.a(_arm_truncdfsf2.o)
 .ARM.attributes
                0x000003fc       0x1d d:/environment/gcc-arm-none-eabi/bin/../lib/gcc/arm-none-eabi/9.2.1/thumb/v7-m/nofp\libgcc.a(_arm_addsubsf3.o)
 .ARM.attributes
                0x00000419       0x1d d:/environment/gcc-arm-none-eabi/bin/../lib/gcc/arm-none-eabi/9.2.1/thumb/v7-m/nofp\libgcc.a(_arm_muldivsf3.o)
 .ARM.attributes
                0x00000436       0x1d d:/environment/gcc-arm-none-eabi/bin/../lib/gcc/arm-none-eabi/9.2.1/thumb/v7-m/nofp\libgcc.a(_arm_cmpsf2.o)
 .ARM.attributes
                0x00000453       0x1d d:/environment/gcc-arm-none-eabi/bin/../lib/gcc/arm-none-eabi/9.2.1/thumb/v7-m/nofp\libgcc.a(_arm_fixsfsi.o)
 .ARM.attributes
                0x00000470       0x1d d:/environment/gcc-arm-none-eabi/bin/../lib/gcc/arm-none-eabi/9.2.1/thumb/v7-m/nofp\libgcc.a(_arm_fixunssfsi.o)
 .ARM.attributes
                0x0000048d       0x1d d:/environment/gcc-arm-none-eabi/bin/../lib/gcc/arm-none-eabi/9.2.1/thumb/v7-m/nofp\libgcc.a(_aeabi_ldivmod.o)
 .ARM.attributes
                0x000004aa       0x2d d:/environment/gcc-arm-none-eabi/bin/../lib/gcc/arm-none-eabi/9.2.1/thumb/v7-m/nofp\libgcc.a(_udivmoddi4.o)
 .ARM.attributes
                0x000004d7       0x1d d:/environment/gcc-arm-none-eabi/bin/../lib/gcc/arm-none-eabi/9.2.1/thumb/v7-m/nofp\libgcc.a(_dvmd_tls.o)
 .ARM.attributes
                0x000004f4       0x2d d:/environment/gcc-arm-none-eabi/bin/../lib/gcc/arm-none-eabi/9.2.1/../../../../arm-none-eabi/lib/thumb/v7-m/nofp\libg.a(lib_a-errno.o)
 .ARM.attributes
                0x00000521       0x2d d:/environment/gcc-arm-none-eabi/bin/../lib/gcc/arm-none-eabi/9.2.1/../../../../arm-none-eabi/lib/thumb/v7-m/nofp\libg.a(lib_a-impure.o)
 .ARM.attributes
                0x0000054e       0x2d d:/environment/gcc-arm-none-eabi/bin/../lib/gcc/arm-none-eabi/9.2.1/../../../../arm-none-eabi/lib/thumb/v7-m/nofp\libg.a(lib_a-init.o)
 .ARM.attributes
                0x0000057b       0x2d d:/environment/gcc-arm-none-eabi/bin/../lib/gcc/arm-none-eabi/9.2.1/../../../../arm-none-eabi/lib/thumb/v7-m/nofp\libg.a(lib_a-memcmp.o)
 .ARM.attributes
                0x000005a8       0x2d d:/environment/gcc-arm-none-eabi/bin/../lib/gcc/arm-none-eabi/9.2.1/../../../../arm-none-eabi/lib/thumb/v7-m/nofp\libg.a(lib_a-memset.o)
 .ARM.attributes
                0x000005d5       0x2d d:/environment/gcc-arm-none-eabi/bin/../lib/gcc/arm-none-eabi/9.2.1/../../../../arm-none-eabi/lib/thumb/v7-m/nofp\libg.a(lib_a-printf.o)
 .ARM.attributes
                0x00000602       0x2d d:/environment/gcc-arm-none-eabi/bin/../lib/gcc/arm-none-eabi/9.2.1/../../../../arm-none-eabi/lib/thumb/v7-m/nofp\libg.a(lib_a-puts.o)
 .ARM.attributes
                0x0000062f       0x2d d:/environment/gcc-arm-none-eabi/bin/../lib/gcc/arm-none-eabi/9.2.1/../../../../arm-none-eabi/lib/thumb/v7-m/nofp\libg.a(lib_a-strlen-stub.o)
 .ARM.attributes
                0x0000065c       0x2d d:/environment/gcc-arm-none-eabi/bin/../lib/gcc/arm-none-eabi/9.2.1/../../../../arm-none-eabi/lib/thumb/v7-m/nofp\libg.a(lib_a-vfprintf.o)
 .ARM.attributes
                0x00000689       0x2d d:/environment/gcc-arm-none-eabi/bin/../lib/gcc/arm-none-eabi/9.2.1/../../../../arm-none-eabi/lib/thumb/v7-m/nofp\libg.a(lib_a-wsetup.o)
 .ARM.attributes
                0x000006b6       0x2d d:/environment/gcc-arm-none-eabi/bin/../lib/gcc/arm-none-eabi/9.2.1/../../../../arm-none-eabi/lib/thumb/v7-m/nofp\libg.a(lib_a-__call_atexit.o)
 .ARM.attributes
                0x000006e3       0x2d d:/environment/gcc-arm-none-eabi/bin/../lib/gcc/arm-none-eabi/9.2.1/../../../../arm-none-eabi/lib/thumb/v7-m/nofp\libg.a(lib_a-atexit.o)
 .ARM.attributes
                0x00000710       0x2d d:/environment/gcc-arm-none-eabi/bin/../lib/gcc/arm-none-eabi/9.2.1/../../../../arm-none-eabi/lib/thumb/v7-m/nofp\libg.a(lib_a-dtoa.o)
 .ARM.attributes
                0x0000073d       0x2d d:/environment/gcc-arm-none-eabi/bin/../lib/gcc/arm-none-eabi/9.2.1/../../../../arm-none-eabi/lib/thumb/v7-m/nofp\libg.a(lib_a-fflush.o)
 .ARM.attributes
                0x0000076a       0x2d d:/environment/gcc-arm-none-eabi/bin/../lib/gcc/arm-none-eabi/9.2.1/../../../../arm-none-eabi/lib/thumb/v7-m/nofp\libg.a(lib_a-findfp.o)
 .ARM.attributes
                0x00000797       0x2d d:/environment/gcc-arm-none-eabi/bin/../lib/gcc/arm-none-eabi/9.2.1/../../../../arm-none-eabi/lib/thumb/v7-m/nofp\libg.a(lib_a-fini.o)
 .ARM.attributes
                0x000007c4       0x2d d:/environment/gcc-arm-none-eabi/bin/../lib/gcc/arm-none-eabi/9.2.1/../../../../arm-none-eabi/lib/thumb/v7-m/nofp\libg.a(lib_a-freer.o)
 .ARM.attributes
                0x000007f1       0x2d d:/environment/gcc-arm-none-eabi/bin/../lib/gcc/arm-none-eabi/9.2.1/../../../../arm-none-eabi/lib/thumb/v7-m/nofp\libg.a(lib_a-fvwrite.o)
 .ARM.attributes
                0x0000081e       0x2d d:/environment/gcc-arm-none-eabi/bin/../lib/gcc/arm-none-eabi/9.2.1/../../../../arm-none-eabi/lib/thumb/v7-m/nofp\libg.a(lib_a-fwalk.o)
 .ARM.attributes
                0x0000084b       0x2d d:/environment/gcc-arm-none-eabi/bin/../lib/gcc/arm-none-eabi/9.2.1/../../../../arm-none-eabi/lib/thumb/v7-m/nofp\libg.a(lib_a-localeconv.o)
 .ARM.attributes
                0x00000878       0x2d d:/environment/gcc-arm-none-eabi/bin/../lib/gcc/arm-none-eabi/9.2.1/../../../../arm-none-eabi/lib/thumb/v7-m/nofp\libg.a(lib_a-lock.o)
 .ARM.attributes
                0x000008a5       0x2d d:/environment/gcc-arm-none-eabi/bin/../lib/gcc/arm-none-eabi/9.2.1/../../../../arm-none-eabi/lib/thumb/v7-m/nofp\libg.a(lib_a-makebuf.o)
 .ARM.attributes
                0x000008d2       0x2d d:/environment/gcc-arm-none-eabi/bin/../lib/gcc/arm-none-eabi/9.2.1/../../../../arm-none-eabi/lib/thumb/v7-m/nofp\libg.a(lib_a-mallocr.o)
 .ARM.attributes
                0x000008ff       0x2d d:/environment/gcc-arm-none-eabi/bin/../lib/gcc/arm-none-eabi/9.2.1/../../../../arm-none-eabi/lib/thumb/v7-m/nofp\libg.a(lib_a-memchr-stub.o)
 .ARM.attributes
                0x0000092c       0x1b d:/environment/gcc-arm-none-eabi/bin/../lib/gcc/arm-none-eabi/9.2.1/../../../../arm-none-eabi/lib/thumb/v7-m/nofp\libg.a(lib_a-memcpy.o)
 .ARM.attributes
                0x00000947       0x2d d:/environment/gcc-arm-none-eabi/bin/../lib/gcc/arm-none-eabi/9.2.1/../../../../arm-none-eabi/lib/thumb/v7-m/nofp\libg.a(lib_a-memmove.o)
 .ARM.attributes
                0x00000974       0x2d d:/environment/gcc-arm-none-eabi/bin/../lib/gcc/arm-none-eabi/9.2.1/../../../../arm-none-eabi/lib/thumb/v7-m/nofp\libg.a(lib_a-mlock.o)
 .ARM.attributes
                0x000009a1       0x2d d:/environment/gcc-arm-none-eabi/bin/../lib/gcc/arm-none-eabi/9.2.1/../../../../arm-none-eabi/lib/thumb/v7-m/nofp\libg.a(lib_a-mprec.o)
 .ARM.attributes
                0x000009ce       0x2d d:/environment/gcc-arm-none-eabi/bin/../lib/gcc/arm-none-eabi/9.2.1/../../../../arm-none-eabi/lib/thumb/v7-m/nofp\libg.a(lib_a-reallocr.o)
 .ARM.attributes
                0x000009fb       0x2d d:/environment/gcc-arm-none-eabi/bin/../lib/gcc/arm-none-eabi/9.2.1/../../../../arm-none-eabi/lib/thumb/v7-m/nofp\libg.a(lib_a-s_frexp.o)
 .ARM.attributes
                0x00000a28       0x2d d:/environment/gcc-arm-none-eabi/bin/../lib/gcc/arm-none-eabi/9.2.1/../../../../arm-none-eabi/lib/thumb/v7-m/nofp\libg.a(lib_a-sbrkr.o)
 .ARM.attributes
                0x00000a55       0x2d d:/environment/gcc-arm-none-eabi/bin/../lib/gcc/arm-none-eabi/9.2.1/../../../../arm-none-eabi/lib/thumb/v7-m/nofp\libg.a(lib_a-stdio.o)
 .ARM.attributes
                0x00000a82       0x2d d:/environment/gcc-arm-none-eabi/bin/../lib/gcc/arm-none-eabi/9.2.1/../../../../arm-none-eabi/lib/thumb/v7-m/nofp\libg.a(lib_a-strncpy.o)
 .ARM.attributes
                0x00000aaf       0x2d d:/environment/gcc-arm-none-eabi/bin/../lib/gcc/arm-none-eabi/9.2.1/../../../../arm-none-eabi/lib/thumb/v7-m/nofp\libg.a(lib_a-vfiprintf.o)
 .ARM.attributes
                0x00000adc       0x2d d:/environment/gcc-arm-none-eabi/bin/../lib/gcc/arm-none-eabi/9.2.1/../../../../arm-none-eabi/lib/thumb/v7-m/nofp\libg.a(lib_a-writer.o)
 .ARM.attributes
                0x00000b09       0x2d d:/environment/gcc-arm-none-eabi/bin/../lib/gcc/arm-none-eabi/9.2.1/../../../../arm-none-eabi/lib/thumb/v7-m/nofp\libg.a(lib_a-__atexit.o)
 .ARM.attributes
                0x00000b36       0x2d d:/environment/gcc-arm-none-eabi/bin/../lib/gcc/arm-none-eabi/9.2.1/../../../../arm-none-eabi/lib/thumb/v7-m/nofp\libg.a(lib_a-callocr.o)
 .ARM.attributes
                0x00000b63       0x2d d:/environment/gcc-arm-none-eabi/bin/../lib/gcc/arm-none-eabi/9.2.1/../../../../arm-none-eabi/lib/thumb/v7-m/nofp\libg.a(lib_a-closer.o)
 .ARM.attributes
                0x00000b90       0x2d d:/environment/gcc-arm-none-eabi/bin/../lib/gcc/arm-none-eabi/9.2.1/../../../../arm-none-eabi/lib/thumb/v7-m/nofp\libg.a(lib_a-fclose.o)
 .ARM.attributes
                0x00000bbd       0x2d d:/environment/gcc-arm-none-eabi/bin/../lib/gcc/arm-none-eabi/9.2.1/../../../../arm-none-eabi/lib/thumb/v7-m/nofp\libg.a(lib_a-fputwc.o)
 .ARM.attributes
                0x00000bea       0x2d d:/environment/gcc-arm-none-eabi/bin/../lib/gcc/arm-none-eabi/9.2.1/../../../../arm-none-eabi/lib/thumb/v7-m/nofp\libg.a(lib_a-fstatr.o)
 .ARM.attributes
                0x00000c17       0x2d d:/environment/gcc-arm-none-eabi/bin/../lib/gcc/arm-none-eabi/9.2.1/../../../../arm-none-eabi/lib/thumb/v7-m/nofp\libg.a(lib_a-isattyr.o)
 .ARM.attributes
                0x00000c44       0x2d d:/environment/gcc-arm-none-eabi/bin/../lib/gcc/arm-none-eabi/9.2.1/../../../../arm-none-eabi/lib/thumb/v7-m/nofp\libg.a(lib_a-locale.o)
 .ARM.attributes
                0x00000c71       0x2d d:/environment/gcc-arm-none-eabi/bin/../lib/gcc/arm-none-eabi/9.2.1/../../../../arm-none-eabi/lib/thumb/v7-m/nofp\libg.a(lib_a-lseekr.o)
 .ARM.attributes
                0x00000c9e       0x2d d:/environment/gcc-arm-none-eabi/bin/../lib/gcc/arm-none-eabi/9.2.1/../../../../arm-none-eabi/lib/thumb/v7-m/nofp\libg.a(lib_a-mbtowc_r.o)
 .ARM.attributes
                0x00000ccb       0x2d d:/environment/gcc-arm-none-eabi/bin/../lib/gcc/arm-none-eabi/9.2.1/../../../../arm-none-eabi/lib/thumb/v7-m/nofp\libg.a(lib_a-readr.o)
 .ARM.attributes
                0x00000cf8       0x2d d:/environment/gcc-arm-none-eabi/bin/../lib/gcc/arm-none-eabi/9.2.1/../../../../arm-none-eabi/lib/thumb/v7-m/nofp\libg.a(lib_a-reent.o)
 .ARM.attributes
                0x00000d25       0x2d d:/environment/gcc-arm-none-eabi/bin/../lib/gcc/arm-none-eabi/9.2.1/../../../../arm-none-eabi/lib/thumb/v7-m/nofp\libg.a(lib_a-wbuf.o)
 .ARM.attributes
                0x00000d52       0x2d d:/environment/gcc-arm-none-eabi/bin/../lib/gcc/arm-none-eabi/9.2.1/../../../../arm-none-eabi/lib/thumb/v7-m/nofp\libg.a(lib_a-wcrtomb.o)
 .ARM.attributes
                0x00000d7f       0x2d d:/environment/gcc-arm-none-eabi/bin/../lib/gcc/arm-none-eabi/9.2.1/../../../../arm-none-eabi/lib/thumb/v7-m/nofp\libg.a(lib_a-wctomb_r.o)
 .ARM.attributes
                0x00000dac       0x2d d:/environment/gcc-arm-none-eabi/bin/../lib/gcc/arm-none-eabi/9.2.1/../../../../arm-none-eabi/lib/thumb/v7-m/nofp\libg.a(lib_a-ctype_.o)
 .ARM.attributes
                0x00000dd9       0x1d d:/environment/gcc-arm-none-eabi/bin/../lib/gcc/arm-none-eabi/9.2.1/thumb/v7-m/nofp\libgcc.a(_arm_muldivdf3.o)
 .ARM.attributes
                0x00000df6       0x1d d:/environment/gcc-arm-none-eabi/bin/../lib/gcc/arm-none-eabi/9.2.1/thumb/v7-m/nofp\libgcc.a(_arm_cmpdf2.o)
 .ARM.attributes
                0x00000e13       0x1d d:/environment/gcc-arm-none-eabi/bin/../lib/gcc/arm-none-eabi/9.2.1/thumb/v7-m/nofp\libgcc.a(_arm_unorddf2.o)
 .ARM.attributes
                0x00000e30       0x1d d:/environment/gcc-arm-none-eabi/bin/../lib/gcc/arm-none-eabi/9.2.1/thumb/v7-m/nofp\libgcc.a(_arm_fixdfsi.o)
 .ARM.attributes
                0x00000e4d       0x1d d:/environment/gcc-arm-none-eabi/bin/../lib/gcc/arm-none-eabi/9.2.1/thumb/v7-m/nofp\libgcc.a(_aeabi_uldivmod.o)
 .ARM.attributes
                0x00000e6a       0x1d d:/environment/gcc-arm-none-eabi/bin/../lib/gcc/arm-none-eabi/9.2.1/thumb/v7-m/nofp/crtn.o
OUTPUT(13_demo_OLED_FLOAT.elf elf32-littlearm)

.debug_info     0x00000000    0x19b89
 .debug_info    0x00000000      0xd14 CMakeFiles/13_demo_OLED_FLOAT.elf.dir/Core/Src/gpio.c.obj
 .debug_info    0x00000d14     0x1213 CMakeFiles/13_demo_OLED_FLOAT.elf.dir/Core/Src/i2c.c.obj
 .debug_info    0x00001f27     0x162d CMakeFiles/13_demo_OLED_FLOAT.elf.dir/Core/Src/main.c.obj
 .debug_info    0x00003554     0x1313 CMakeFiles/13_demo_OLED_FLOAT.elf.dir/Core/Src/mpu6050.c.obj
 .debug_info    0x00004867     0x2af6 CMakeFiles/13_demo_OLED_FLOAT.elf.dir/Core/Src/oled12864.c.obj
 .debug_info    0x0000735d      0xb9f CMakeFiles/13_demo_OLED_FLOAT.elf.dir/Core/Src/stm32f1xx_hal_msp.c.obj
 .debug_info    0x00007efc      0xadb CMakeFiles/13_demo_OLED_FLOAT.elf.dir/Core/Src/stm32f1xx_it.c.obj
 .debug_info    0x000089d7     0x112a CMakeFiles/13_demo_OLED_FLOAT.elf.dir/Core/Src/syscalls.c.obj
 .debug_info    0x00009b01      0x2c9 CMakeFiles/13_demo_OLED_FLOAT.elf.dir/Core/Src/system_stm32f1xx.c.obj
 .debug_info    0x00009dca     0x11fb CMakeFiles/13_demo_OLED_FLOAT.elf.dir/Core/Src/usart.c.obj